
A-instructions/09-sub.c:3:1: debug: file: begin (first symbol)
A-instructions/09-sub.c:3:1: debug: operand-symbol: sp >>> binop_char
        {kind=node, initializer=N, scope=file}
char static [signed] [toplevel] binop_char( ... )
A-instructions/09-sub.c:3:1: debug: operand-symbol: cl <<< binop_char
        <operand> {kind=CST, scope=STATIC}
            <type> {kind=FNC, uid=23, name=(none), sizeof=1, item_cnt=3, is_unsigned=N}: A-instructions/09-sub.c:3:12
                <type-item> {name=(anonymous)}
                    <type> {kind=CHAR, uid=16, name=char, sizeof=1, item_cnt=0, is_unsigned=N}: (null):-1:-1
                <type-item> {name=a}
                    <type> {kind=CHAR, uid=16, name=char, sizeof=1, item_cnt=0, is_unsigned=N}: (null):-1:-1
                <type-item> {name=b}
                    <type> {kind=CHAR, uid=16, name=char, sizeof=1, item_cnt=0, is_unsigned=N}: (null):-1:-1
            <constant-fnc> {name=binop_char, uid=1, extern=N}: A-instructions/09-sub.c:3:1

A-instructions/09-sub.c:3:1: debug: function: begin binop_char
	debug: function: argument 1
A-instructions/09-sub.c:3:13: debug: operand-symbol: sp >>> a
        {kind=node, initializer=N, scope=unknown-toplevel:outer}
char [signed] a
A-instructions/09-sub.c:3:13: debug: operand-symbol: cl <<< a
        <operand> {kind=VAR, scope=FUNCTION}
            <type> {kind=CHAR, uid=16, name=char, sizeof=1, item_cnt=0, is_unsigned=N}: (null):-1:-1
            <operand-var> {uid=1, name=a, artificial=N, initialized=N}: A-instructions/09-sub.c:3:13
	debug: function: argument 2
A-instructions/09-sub.c:3:21: debug: operand-symbol: sp >>> b
        {kind=node, initializer=N, scope=unknown-toplevel:outer}
char [signed] b
A-instructions/09-sub.c:3:21: debug: operand-symbol: cl <<< b
        <operand> {kind=VAR, scope=FUNCTION}
            <type> {kind=CHAR, uid=16, name=char, sizeof=1, item_cnt=0, is_unsigned=N}: (null):-1:-1
            <operand-var> {uid=2, name=b, artificial=N, initialized=N}: A-instructions/09-sub.c:3:21
A-instructions/09-sub.c:3:1: debug: instruction: cl <<<
        <instruction> [JMP]: A-instructions/09-sub.c:3:1
            <jmp-label> [1]
	debug: basic-block: open [1]
A-instructions/09-sub.c:3:1: debug: instruction: sp >>>
        <entry-point>
	debug: instruction: cl <<<
        (ignored)
A-instructions/09-sub.c:5:11: debug: instruction: sp >>>
        scast.32    %r2 <- (8) %arg1
	debug: operand-pseudo: sp >>>
        %r2
	debug: operand-pseudo: cl <<<
        <operand> {kind=VAR, scope=FUNCTION}
            <type> {kind=INT, uid=4, name=int, sizeof=4, item_cnt=0, is_unsigned=N}: (null):-1:-1
            <operand-var> {uid=3, name=(none), artificial=Y, initialized=N}: A-instructions/09-sub.c:5:11
	debug: operand-pseudo: sp >>> cached >>> cl
        %arg1
        <operand> {kind=VAR, scope=FUNCTION}
            <type> {kind=CHAR, uid=16, name=char, sizeof=1, item_cnt=0, is_unsigned=N}: (null):-1:-1
            <operand-var> {uid=1, name=a, artificial=N, initialized=N}: A-instructions/09-sub.c:3:13
A-instructions/09-sub.c:5:11: debug: instruction: cl <<<
        <instruction> [ASSIGN (UNOP)]: A-instructions/09-sub.c:5:11
            <unop-dst>
                <operand> {kind=VAR, scope=FUNCTION}
                    <type> {kind=INT, uid=4, name=int, sizeof=4, item_cnt=0, is_unsigned=N}: (null):-1:-1
                    <operand-var> {uid=3, name=(none), artificial=Y, initialized=N}: A-instructions/09-sub.c:5:11
            <unop-src>
                <operand> {kind=VAR, scope=FUNCTION}
                    <type> {kind=CHAR, uid=16, name=char, sizeof=1, item_cnt=0, is_unsigned=N}: (null):-1:-1
                    <operand-var> {uid=1, name=a, artificial=N, initialized=N}: A-instructions/09-sub.c:3:13
A-instructions/09-sub.c:5:17: debug: instruction: sp >>>
        scast.32    %r4 <- (8) %arg2
	debug: operand-pseudo: sp >>>
        %r4
	debug: operand-pseudo: cl <<<
        <operand> {kind=VAR, scope=FUNCTION}
            <type> {kind=INT, uid=4, name=int, sizeof=4, item_cnt=0, is_unsigned=N}: (null):-1:-1
            <operand-var> {uid=4, name=(none), artificial=Y, initialized=N}: A-instructions/09-sub.c:5:17
	debug: operand-pseudo: sp >>> cached >>> cl
        %arg2
        <operand> {kind=VAR, scope=FUNCTION}
            <type> {kind=CHAR, uid=16, name=char, sizeof=1, item_cnt=0, is_unsigned=N}: (null):-1:-1
            <operand-var> {uid=2, name=b, artificial=N, initialized=N}: A-instructions/09-sub.c:3:21
A-instructions/09-sub.c:5:17: debug: instruction: cl <<<
        <instruction> [ASSIGN (UNOP)]: A-instructions/09-sub.c:5:17
            <unop-dst>
                <operand> {kind=VAR, scope=FUNCTION}
                    <type> {kind=INT, uid=4, name=int, sizeof=4, item_cnt=0, is_unsigned=N}: (null):-1:-1
                    <operand-var> {uid=4, name=(none), artificial=Y, initialized=N}: A-instructions/09-sub.c:5:17
            <unop-src>
                <operand> {kind=VAR, scope=FUNCTION}
                    <type> {kind=CHAR, uid=16, name=char, sizeof=1, item_cnt=0, is_unsigned=N}: (null):-1:-1
                    <operand-var> {uid=2, name=b, artificial=N, initialized=N}: A-instructions/09-sub.c:3:21
A-instructions/09-sub.c:5:17: debug: instruction: sp >>>
        sub.32      %r5 <- %r2, %r4
	debug: operand-pseudo: sp >>>
        %r5
	debug: operand-pseudo: cl <<<
        <operand> {kind=VAR, scope=FUNCTION}
            <type> {kind=INT, uid=4, name=int, sizeof=4, item_cnt=0, is_unsigned=N}: (null):-1:-1
            <operand-var> {uid=5, name=(none), artificial=Y, initialized=N}: A-instructions/09-sub.c:5:17
	debug: operand-pseudo: sp >>> cached >>> cl
        %r2
        <operand> {kind=VAR, scope=FUNCTION}
            <type> {kind=INT, uid=4, name=int, sizeof=4, item_cnt=0, is_unsigned=N}: (null):-1:-1
            <operand-var> {uid=3, name=(none), artificial=Y, initialized=N}: A-instructions/09-sub.c:5:11
	debug: operand-pseudo: sp >>> cached >>> cl
        %r4
        <operand> {kind=VAR, scope=FUNCTION}
            <type> {kind=INT, uid=4, name=int, sizeof=4, item_cnt=0, is_unsigned=N}: (null):-1:-1
            <operand-var> {uid=4, name=(none), artificial=Y, initialized=N}: A-instructions/09-sub.c:5:17
A-instructions/09-sub.c:5:17: debug: instruction: cl <<<
        <instruction> [MINUS (BINOP)]: A-instructions/09-sub.c:5:17
            <binop-dst>
                <operand> {kind=VAR, scope=FUNCTION}
                    <type> {kind=INT, uid=4, name=int, sizeof=4, item_cnt=0, is_unsigned=N}: (null):-1:-1
                    <operand-var> {uid=5, name=(none), artificial=Y, initialized=N}: A-instructions/09-sub.c:5:17
            <binop-src1>
                <operand> {kind=VAR, scope=FUNCTION}
                    <type> {kind=INT, uid=4, name=int, sizeof=4, item_cnt=0, is_unsigned=N}: (null):-1:-1
                    <operand-var> {uid=3, name=(none), artificial=Y, initialized=N}: A-instructions/09-sub.c:5:11
            <binop-src2>
                <operand> {kind=VAR, scope=FUNCTION}
                    <type> {kind=INT, uid=4, name=int, sizeof=4, item_cnt=0, is_unsigned=N}: (null):-1:-1
                    <operand-var> {uid=4, name=(none), artificial=Y, initialized=N}: A-instructions/09-sub.c:5:17
A-instructions/09-sub.c:5:17: debug: instruction: sp >>>
        scast.8     %r6 <- (32) %r5
	debug: operand-pseudo: sp >>>
        %r6
	debug: operand-pseudo: cl <<<
        <operand> {kind=VAR, scope=FUNCTION}
            <type> {kind=CHAR, uid=16, name=char, sizeof=1, item_cnt=0, is_unsigned=N}: (null):-1:-1
            <operand-var> {uid=6, name=(none), artificial=Y, initialized=N}: A-instructions/09-sub.c:5:17
	debug: operand-pseudo: sp >>> cached >>> cl
        %r5
        <operand> {kind=VAR, scope=FUNCTION}
            <type> {kind=INT, uid=4, name=int, sizeof=4, item_cnt=0, is_unsigned=N}: (null):-1:-1
            <operand-var> {uid=5, name=(none), artificial=Y, initialized=N}: A-instructions/09-sub.c:5:17
A-instructions/09-sub.c:5:17: debug: instruction: cl <<<
        <instruction> [ASSIGN (UNOP)]: A-instructions/09-sub.c:5:17
            <unop-dst>
                <operand> {kind=VAR, scope=FUNCTION}
                    <type> {kind=CHAR, uid=16, name=char, sizeof=1, item_cnt=0, is_unsigned=N}: (null):-1:-1
                    <operand-var> {uid=6, name=(none), artificial=Y, initialized=N}: A-instructions/09-sub.c:5:17
            <unop-src>
                <operand> {kind=VAR, scope=FUNCTION}
                    <type> {kind=INT, uid=4, name=int, sizeof=4, item_cnt=0, is_unsigned=N}: (null):-1:-1
                    <operand-var> {uid=5, name=(none), artificial=Y, initialized=N}: A-instructions/09-sub.c:5:17
A-instructions/09-sub.c:5:17: debug: instruction: sp >>>
        ret.8       %r6
	debug: operand-pseudo: sp >>> cached >>> cl
        %r6
        <operand> {kind=VAR, scope=FUNCTION}
            <type> {kind=CHAR, uid=16, name=char, sizeof=1, item_cnt=0, is_unsigned=N}: (null):-1:-1
            <operand-var> {uid=6, name=(none), artificial=Y, initialized=N}: A-instructions/09-sub.c:5:17
A-instructions/09-sub.c:5:17: debug: instruction: cl <<<
        <instruction> [RET]: A-instructions/09-sub.c:5:17
            <ret-src>
                <operand> {kind=VAR, scope=FUNCTION}
                    <type> {kind=CHAR, uid=16, name=char, sizeof=1, item_cnt=0, is_unsigned=N}: (null):-1:-1
                    <operand-var> {uid=6, name=(none), artificial=Y, initialized=N}: A-instructions/09-sub.c:5:17
A-instructions/09-sub.c:4:1: debug: function: end binop_char

A-instructions/09-sub.c:9:1: debug: operand-symbol: sp >>> binop_int
        {kind=node, initializer=N, scope=file}
int static [signed] [toplevel] binop_int( ... )
A-instructions/09-sub.c:9:1: debug: operand-symbol: cl <<< binop_int
        <operand> {kind=CST, scope=STATIC}
            <type> {kind=FNC, uid=24, name=(none), sizeof=4, item_cnt=3, is_unsigned=N}: A-instructions/09-sub.c:9:11
                <type-item> {name=(anonymous)}
                    <type> {kind=INT, uid=4, name=int, sizeof=4, item_cnt=0, is_unsigned=N}: (null):-1:-1
                <type-item> {name=a}
                    <type> {kind=INT, uid=4, name=int, sizeof=4, item_cnt=0, is_unsigned=N}: (null):-1:-1
                <type-item> {name=b}
                    <type> {kind=INT, uid=4, name=int, sizeof=4, item_cnt=0, is_unsigned=N}: (null):-1:-1
            <constant-fnc> {name=binop_int, uid=2, extern=N}: A-instructions/09-sub.c:9:1

A-instructions/09-sub.c:9:1: debug: function: begin binop_int
	debug: function: argument 1
A-instructions/09-sub.c:9:12: debug: operand-symbol: sp >>> a
        {kind=node, initializer=N, scope=unknown-toplevel:outer}
int [signed] a
A-instructions/09-sub.c:9:12: debug: operand-symbol: cl <<< a
        <operand> {kind=VAR, scope=FUNCTION}
            <type> {kind=INT, uid=4, name=int, sizeof=4, item_cnt=0, is_unsigned=N}: (null):-1:-1
            <operand-var> {uid=7, name=a, artificial=N, initialized=N}: A-instructions/09-sub.c:9:12
	debug: function: argument 2
A-instructions/09-sub.c:9:19: debug: operand-symbol: sp >>> b
        {kind=node, initializer=N, scope=unknown-toplevel:outer}
int [signed] b
A-instructions/09-sub.c:9:19: debug: operand-symbol: cl <<< b
        <operand> {kind=VAR, scope=FUNCTION}
            <type> {kind=INT, uid=4, name=int, sizeof=4, item_cnt=0, is_unsigned=N}: (null):-1:-1
            <operand-var> {uid=8, name=b, artificial=N, initialized=N}: A-instructions/09-sub.c:9:19
A-instructions/09-sub.c:9:1: debug: instruction: cl <<<
        <instruction> [JMP]: A-instructions/09-sub.c:9:1
            <jmp-label> [1]
	debug: basic-block: open [1]
A-instructions/09-sub.c:9:1: debug: instruction: sp >>>
        <entry-point>
	debug: instruction: cl <<<
        (ignored)
A-instructions/09-sub.c:11:17: debug: instruction: sp >>>
        sub.32      %r10 <- %arg1, %arg2
	debug: operand-pseudo: sp >>>
        %r10
	debug: operand-pseudo: cl <<<
        <operand> {kind=VAR, scope=FUNCTION}
            <type> {kind=INT, uid=4, name=int, sizeof=4, item_cnt=0, is_unsigned=N}: (null):-1:-1
            <operand-var> {uid=9, name=(none), artificial=Y, initialized=N}: A-instructions/09-sub.c:11:17
	debug: operand-pseudo: sp >>> cached >>> cl
        %arg1
        <operand> {kind=VAR, scope=FUNCTION}
            <type> {kind=INT, uid=4, name=int, sizeof=4, item_cnt=0, is_unsigned=N}: (null):-1:-1
            <operand-var> {uid=7, name=a, artificial=N, initialized=N}: A-instructions/09-sub.c:9:12
	debug: operand-pseudo: sp >>> cached >>> cl
        %arg2
        <operand> {kind=VAR, scope=FUNCTION}
            <type> {kind=INT, uid=4, name=int, sizeof=4, item_cnt=0, is_unsigned=N}: (null):-1:-1
            <operand-var> {uid=8, name=b, artificial=N, initialized=N}: A-instructions/09-sub.c:9:19
A-instructions/09-sub.c:11:17: debug: instruction: cl <<<
        <instruction> [MINUS (BINOP)]: A-instructions/09-sub.c:11:17
            <binop-dst>
                <operand> {kind=VAR, scope=FUNCTION}
                    <type> {kind=INT, uid=4, name=int, sizeof=4, item_cnt=0, is_unsigned=N}: (null):-1:-1
                    <operand-var> {uid=9, name=(none), artificial=Y, initialized=N}: A-instructions/09-sub.c:11:17
            <binop-src1>
                <operand> {kind=VAR, scope=FUNCTION}
                    <type> {kind=INT, uid=4, name=int, sizeof=4, item_cnt=0, is_unsigned=N}: (null):-1:-1
                    <operand-var> {uid=7, name=a, artificial=N, initialized=N}: A-instructions/09-sub.c:9:12
            <binop-src2>
                <operand> {kind=VAR, scope=FUNCTION}
                    <type> {kind=INT, uid=4, name=int, sizeof=4, item_cnt=0, is_unsigned=N}: (null):-1:-1
                    <operand-var> {uid=8, name=b, artificial=N, initialized=N}: A-instructions/09-sub.c:9:19
A-instructions/09-sub.c:11:17: debug: instruction: sp >>>
        ret.32      %r10
	debug: operand-pseudo: sp >>> cached >>> cl
        %r10
        <operand> {kind=VAR, scope=FUNCTION}
            <type> {kind=INT, uid=4, name=int, sizeof=4, item_cnt=0, is_unsigned=N}: (null):-1:-1
            <operand-var> {uid=9, name=(none), artificial=Y, initialized=N}: A-instructions/09-sub.c:11:17
A-instructions/09-sub.c:11:17: debug: instruction: cl <<<
        <instruction> [RET]: A-instructions/09-sub.c:11:17
            <ret-src>
                <operand> {kind=VAR, scope=FUNCTION}
                    <type> {kind=INT, uid=4, name=int, sizeof=4, item_cnt=0, is_unsigned=N}: (null):-1:-1
                    <operand-var> {uid=9, name=(none), artificial=Y, initialized=N}: A-instructions/09-sub.c:11:17
A-instructions/09-sub.c:10:1: debug: function: end binop_int

A-instructions/09-sub.c:15:1: debug: operand-symbol: sp >>> binop_unsigned
        {kind=node, initializer=N, scope=file}
unsigned int static [unsigned] [toplevel] binop_unsigned( ... )
A-instructions/09-sub.c:15:1: debug: operand-symbol: cl <<< binop_unsigned
        <operand> {kind=CST, scope=STATIC}
            <type> {kind=FNC, uid=25, name=(none), sizeof=4, item_cnt=3, is_unsigned=N}: A-instructions/09-sub.c:15:16
                <type-item> {name=(anonymous)}
                    <type> {kind=INT, uid=6, name=uint, sizeof=4, item_cnt=0, is_unsigned=Y}: (null):-1:-1
                <type-item> {name=a}
                    <type> {kind=INT, uid=6, name=uint, sizeof=4, item_cnt=0, is_unsigned=Y}: (null):-1:-1
                <type-item> {name=b}
                    <type> {kind=INT, uid=6, name=uint, sizeof=4, item_cnt=0, is_unsigned=Y}: (null):-1:-1
            <constant-fnc> {name=binop_unsigned, uid=3, extern=N}: A-instructions/09-sub.c:15:1

A-instructions/09-sub.c:15:1: debug: function: begin binop_unsigned
	debug: function: argument 1
A-instructions/09-sub.c:15:17: debug: operand-symbol: sp >>> a
        {kind=node, initializer=N, scope=unknown-toplevel:outer}
unsigned int [unsigned] a
A-instructions/09-sub.c:15:17: debug: operand-symbol: cl <<< a
        <operand> {kind=VAR, scope=FUNCTION}
            <type> {kind=INT, uid=6, name=uint, sizeof=4, item_cnt=0, is_unsigned=Y}: (null):-1:-1
            <operand-var> {uid=10, name=a, artificial=N, initialized=N}: A-instructions/09-sub.c:15:17
	debug: function: argument 2
A-instructions/09-sub.c:15:29: debug: operand-symbol: sp >>> b
        {kind=node, initializer=N, scope=unknown-toplevel:outer}
unsigned int [unsigned] b
A-instructions/09-sub.c:15:29: debug: operand-symbol: cl <<< b
        <operand> {kind=VAR, scope=FUNCTION}
            <type> {kind=INT, uid=6, name=uint, sizeof=4, item_cnt=0, is_unsigned=Y}: (null):-1:-1
            <operand-var> {uid=11, name=b, artificial=N, initialized=N}: A-instructions/09-sub.c:15:29
A-instructions/09-sub.c:15:1: debug: instruction: cl <<<
        <instruction> [JMP]: A-instructions/09-sub.c:15:1
            <jmp-label> [1]
	debug: basic-block: open [1]
A-instructions/09-sub.c:15:1: debug: instruction: sp >>>
        <entry-point>
	debug: instruction: cl <<<
        (ignored)
A-instructions/09-sub.c:17:17: debug: instruction: sp >>>
        sub.32      %r14 <- %arg1, %arg2
	debug: operand-pseudo: sp >>>
        %r14
	debug: operand-pseudo: cl <<<
        <operand> {kind=VAR, scope=FUNCTION}
            <type> {kind=INT, uid=6, name=uint, sizeof=4, item_cnt=0, is_unsigned=Y}: (null):-1:-1
            <operand-var> {uid=12, name=(none), artificial=Y, initialized=N}: A-instructions/09-sub.c:17:17
	debug: operand-pseudo: sp >>> cached >>> cl
        %arg1
        <operand> {kind=VAR, scope=FUNCTION}
            <type> {kind=INT, uid=6, name=uint, sizeof=4, item_cnt=0, is_unsigned=Y}: (null):-1:-1
            <operand-var> {uid=10, name=a, artificial=N, initialized=N}: A-instructions/09-sub.c:15:17
	debug: operand-pseudo: sp >>> cached >>> cl
        %arg2
        <operand> {kind=VAR, scope=FUNCTION}
            <type> {kind=INT, uid=6, name=uint, sizeof=4, item_cnt=0, is_unsigned=Y}: (null):-1:-1
            <operand-var> {uid=11, name=b, artificial=N, initialized=N}: A-instructions/09-sub.c:15:29
A-instructions/09-sub.c:17:17: debug: instruction: cl <<<
        <instruction> [MINUS (BINOP)]: A-instructions/09-sub.c:17:17
            <binop-dst>
                <operand> {kind=VAR, scope=FUNCTION}
                    <type> {kind=INT, uid=6, name=uint, sizeof=4, item_cnt=0, is_unsigned=Y}: (null):-1:-1
                    <operand-var> {uid=12, name=(none), artificial=Y, initialized=N}: A-instructions/09-sub.c:17:17
            <binop-src1>
                <operand> {kind=VAR, scope=FUNCTION}
                    <type> {kind=INT, uid=6, name=uint, sizeof=4, item_cnt=0, is_unsigned=Y}: (null):-1:-1
                    <operand-var> {uid=10, name=a, artificial=N, initialized=N}: A-instructions/09-sub.c:15:17
            <binop-src2>
                <operand> {kind=VAR, scope=FUNCTION}
                    <type> {kind=INT, uid=6, name=uint, sizeof=4, item_cnt=0, is_unsigned=Y}: (null):-1:-1
                    <operand-var> {uid=11, name=b, artificial=N, initialized=N}: A-instructions/09-sub.c:15:29
A-instructions/09-sub.c:17:17: debug: instruction: sp >>>
        ret.32      %r14
	debug: operand-pseudo: sp >>> cached >>> cl
        %r14
        <operand> {kind=VAR, scope=FUNCTION}
            <type> {kind=INT, uid=6, name=uint, sizeof=4, item_cnt=0, is_unsigned=Y}: (null):-1:-1
            <operand-var> {uid=12, name=(none), artificial=Y, initialized=N}: A-instructions/09-sub.c:17:17
A-instructions/09-sub.c:17:17: debug: instruction: cl <<<
        <instruction> [RET]: A-instructions/09-sub.c:17:17
            <ret-src>
                <operand> {kind=VAR, scope=FUNCTION}
                    <type> {kind=INT, uid=6, name=uint, sizeof=4, item_cnt=0, is_unsigned=Y}: (null):-1:-1
                    <operand-var> {uid=12, name=(none), artificial=Y, initialized=N}: A-instructions/09-sub.c:17:17
A-instructions/09-sub.c:16:1: debug: function: end binop_unsigned

A-instructions/09-sub.c:21:1: debug: operand-symbol: sp >>> binop_float
        {kind=node, initializer=N, scope=file}
float static [toplevel] binop_float( ... )
A-instructions/09-sub.c:21:1: debug: operand-symbol: cl <<< binop_float
        <operand> {kind=CST, scope=STATIC}
            <type> {kind=FNC, uid=26, name=(none), sizeof=4, item_cnt=3, is_unsigned=N}: A-instructions/09-sub.c:21:13
                <type-item> {name=(anonymous)}
                    <type> {kind=REAL, uid=20, name=float, sizeof=4, item_cnt=0, is_unsigned=N}: (null):-1:-1
                <type-item> {name=a}
                    <type> {kind=REAL, uid=20, name=float, sizeof=4, item_cnt=0, is_unsigned=N}: (null):-1:-1
                <type-item> {name=b}
                    <type> {kind=REAL, uid=20, name=float, sizeof=4, item_cnt=0, is_unsigned=N}: (null):-1:-1
            <constant-fnc> {name=binop_float, uid=4, extern=N}: A-instructions/09-sub.c:21:1

A-instructions/09-sub.c:21:1: debug: function: begin binop_float
	debug: function: argument 1
A-instructions/09-sub.c:21:14: debug: operand-symbol: sp >>> a
        {kind=node, initializer=N, scope=unknown-toplevel:outer}
float a
A-instructions/09-sub.c:21:14: debug: operand-symbol: cl <<< a
        <operand> {kind=VAR, scope=FUNCTION}
            <type> {kind=REAL, uid=20, name=float, sizeof=4, item_cnt=0, is_unsigned=N}: (null):-1:-1
            <operand-var> {uid=13, name=a, artificial=N, initialized=N}: A-instructions/09-sub.c:21:14
	debug: function: argument 2
A-instructions/09-sub.c:21:23: debug: operand-symbol: sp >>> b
        {kind=node, initializer=N, scope=unknown-toplevel:outer}
float b
A-instructions/09-sub.c:21:23: debug: operand-symbol: cl <<< b
        <operand> {kind=VAR, scope=FUNCTION}
            <type> {kind=REAL, uid=20, name=float, sizeof=4, item_cnt=0, is_unsigned=N}: (null):-1:-1
            <operand-var> {uid=14, name=b, artificial=N, initialized=N}: A-instructions/09-sub.c:21:23
A-instructions/09-sub.c:21:1: debug: instruction: cl <<<
        <instruction> [JMP]: A-instructions/09-sub.c:21:1
            <jmp-label> [1]
	debug: basic-block: open [1]
A-instructions/09-sub.c:21:1: debug: instruction: sp >>>
        <entry-point>
	debug: instruction: cl <<<
        (ignored)
A-instructions/09-sub.c:23:17: debug: instruction: sp >>>
        sub.32      %r18 <- %arg1, %arg2
	debug: operand-pseudo: sp >>>
        %r18
	debug: operand-pseudo: cl <<<
        <operand> {kind=VAR, scope=FUNCTION}
            <type> {kind=REAL, uid=20, name=float, sizeof=4, item_cnt=0, is_unsigned=N}: (null):-1:-1
            <operand-var> {uid=15, name=(none), artificial=Y, initialized=N}: A-instructions/09-sub.c:23:17
	debug: operand-pseudo: sp >>> cached >>> cl
        %arg1
        <operand> {kind=VAR, scope=FUNCTION}
            <type> {kind=REAL, uid=20, name=float, sizeof=4, item_cnt=0, is_unsigned=N}: (null):-1:-1
            <operand-var> {uid=13, name=a, artificial=N, initialized=N}: A-instructions/09-sub.c:21:14
	debug: operand-pseudo: sp >>> cached >>> cl
        %arg2
        <operand> {kind=VAR, scope=FUNCTION}
            <type> {kind=REAL, uid=20, name=float, sizeof=4, item_cnt=0, is_unsigned=N}: (null):-1:-1
            <operand-var> {uid=14, name=b, artificial=N, initialized=N}: A-instructions/09-sub.c:21:23
A-instructions/09-sub.c:23:17: debug: instruction: cl <<<
        <instruction> [MINUS (BINOP)]: A-instructions/09-sub.c:23:17
            <binop-dst>
                <operand> {kind=VAR, scope=FUNCTION}
                    <type> {kind=REAL, uid=20, name=float, sizeof=4, item_cnt=0, is_unsigned=N}: (null):-1:-1
                    <operand-var> {uid=15, name=(none), artificial=Y, initialized=N}: A-instructions/09-sub.c:23:17
            <binop-src1>
                <operand> {kind=VAR, scope=FUNCTION}
                    <type> {kind=REAL, uid=20, name=float, sizeof=4, item_cnt=0, is_unsigned=N}: (null):-1:-1
                    <operand-var> {uid=13, name=a, artificial=N, initialized=N}: A-instructions/09-sub.c:21:14
            <binop-src2>
                <operand> {kind=VAR, scope=FUNCTION}
                    <type> {kind=REAL, uid=20, name=float, sizeof=4, item_cnt=0, is_unsigned=N}: (null):-1:-1
                    <operand-var> {uid=14, name=b, artificial=N, initialized=N}: A-instructions/09-sub.c:21:23
A-instructions/09-sub.c:23:17: debug: instruction: sp >>>
        ret.32      %r18
	debug: operand-pseudo: sp >>> cached >>> cl
        %r18
        <operand> {kind=VAR, scope=FUNCTION}
            <type> {kind=REAL, uid=20, name=float, sizeof=4, item_cnt=0, is_unsigned=N}: (null):-1:-1
            <operand-var> {uid=15, name=(none), artificial=Y, initialized=N}: A-instructions/09-sub.c:23:17
A-instructions/09-sub.c:23:17: debug: instruction: cl <<<
        <instruction> [RET]: A-instructions/09-sub.c:23:17
            <ret-src>
                <operand> {kind=VAR, scope=FUNCTION}
                    <type> {kind=REAL, uid=20, name=float, sizeof=4, item_cnt=0, is_unsigned=N}: (null):-1:-1
                    <operand-var> {uid=15, name=(none), artificial=Y, initialized=N}: A-instructions/09-sub.c:23:17
A-instructions/09-sub.c:22:1: debug: function: end binop_float

A-instructions/09-sub.c:27:1: debug: operand-symbol: sp >>> binop_double
        {kind=node, initializer=N, scope=file}
double static [toplevel] binop_double( ... )
A-instructions/09-sub.c:27:1: debug: operand-symbol: cl <<< binop_double
        <operand> {kind=CST, scope=STATIC}
            <type> {kind=FNC, uid=27, name=(none), sizeof=8, item_cnt=3, is_unsigned=N}: A-instructions/09-sub.c:27:14
                <type-item> {name=(anonymous)}
                    <type> {kind=REAL, uid=21, name=double, sizeof=8, item_cnt=0, is_unsigned=N}: (null):-1:-1
                <type-item> {name=a}
                    <type> {kind=REAL, uid=21, name=double, sizeof=8, item_cnt=0, is_unsigned=N}: (null):-1:-1
                <type-item> {name=b}
                    <type> {kind=REAL, uid=21, name=double, sizeof=8, item_cnt=0, is_unsigned=N}: (null):-1:-1
            <constant-fnc> {name=binop_double, uid=5, extern=N}: A-instructions/09-sub.c:27:1

A-instructions/09-sub.c:27:1: debug: function: begin binop_double
	debug: function: argument 1
A-instructions/09-sub.c:27:15: debug: operand-symbol: sp >>> a
        {kind=node, initializer=N, scope=unknown-toplevel:outer}
double a
A-instructions/09-sub.c:27:15: debug: operand-symbol: cl <<< a
        <operand> {kind=VAR, scope=FUNCTION}
            <type> {kind=REAL, uid=21, name=double, sizeof=8, item_cnt=0, is_unsigned=N}: (null):-1:-1
            <operand-var> {uid=16, name=a, artificial=N, initialized=N}: A-instructions/09-sub.c:27:15
	debug: function: argument 2
A-instructions/09-sub.c:27:25: debug: operand-symbol: sp >>> b
        {kind=node, initializer=N, scope=unknown-toplevel:outer}
double b
A-instructions/09-sub.c:27:25: debug: operand-symbol: cl <<< b
        <operand> {kind=VAR, scope=FUNCTION}
            <type> {kind=REAL, uid=21, name=double, sizeof=8, item_cnt=0, is_unsigned=N}: (null):-1:-1
            <operand-var> {uid=17, name=b, artificial=N, initialized=N}: A-instructions/09-sub.c:27:25
A-instructions/09-sub.c:27:1: debug: instruction: cl <<<
        <instruction> [JMP]: A-instructions/09-sub.c:27:1
            <jmp-label> [1]
	debug: basic-block: open [1]
A-instructions/09-sub.c:27:1: debug: instruction: sp >>>
        <entry-point>
	debug: instruction: cl <<<
        (ignored)
A-instructions/09-sub.c:29:17: debug: instruction: sp >>>
        sub.64      %r22 <- %arg1, %arg2
	debug: operand-pseudo: sp >>>
        %r22
	debug: operand-pseudo: cl <<<
        <operand> {kind=VAR, scope=FUNCTION}
            <type> {kind=REAL, uid=21, name=double, sizeof=8, item_cnt=0, is_unsigned=N}: (null):-1:-1
            <operand-var> {uid=18, name=(none), artificial=Y, initialized=N}: A-instructions/09-sub.c:29:17
	debug: operand-pseudo: sp >>> cached >>> cl
        %arg1
        <operand> {kind=VAR, scope=FUNCTION}
            <type> {kind=REAL, uid=21, name=double, sizeof=8, item_cnt=0, is_unsigned=N}: (null):-1:-1
            <operand-var> {uid=16, name=a, artificial=N, initialized=N}: A-instructions/09-sub.c:27:15
	debug: operand-pseudo: sp >>> cached >>> cl
        %arg2
        <operand> {kind=VAR, scope=FUNCTION}
            <type> {kind=REAL, uid=21, name=double, sizeof=8, item_cnt=0, is_unsigned=N}: (null):-1:-1
            <operand-var> {uid=17, name=b, artificial=N, initialized=N}: A-instructions/09-sub.c:27:25
A-instructions/09-sub.c:29:17: debug: instruction: cl <<<
        <instruction> [MINUS (BINOP)]: A-instructions/09-sub.c:29:17
            <binop-dst>
                <operand> {kind=VAR, scope=FUNCTION}
                    <type> {kind=REAL, uid=21, name=double, sizeof=8, item_cnt=0, is_unsigned=N}: (null):-1:-1
                    <operand-var> {uid=18, name=(none), artificial=Y, initialized=N}: A-instructions/09-sub.c:29:17
            <binop-src1>
                <operand> {kind=VAR, scope=FUNCTION}
                    <type> {kind=REAL, uid=21, name=double, sizeof=8, item_cnt=0, is_unsigned=N}: (null):-1:-1
                    <operand-var> {uid=16, name=a, artificial=N, initialized=N}: A-instructions/09-sub.c:27:15
            <binop-src2>
                <operand> {kind=VAR, scope=FUNCTION}
                    <type> {kind=REAL, uid=21, name=double, sizeof=8, item_cnt=0, is_unsigned=N}: (null):-1:-1
                    <operand-var> {uid=17, name=b, artificial=N, initialized=N}: A-instructions/09-sub.c:27:25
A-instructions/09-sub.c:29:17: debug: instruction: sp >>>
        ret.64      %r22
	debug: operand-pseudo: sp >>> cached >>> cl
        %r22
        <operand> {kind=VAR, scope=FUNCTION}
            <type> {kind=REAL, uid=21, name=double, sizeof=8, item_cnt=0, is_unsigned=N}: (null):-1:-1
            <operand-var> {uid=18, name=(none), artificial=Y, initialized=N}: A-instructions/09-sub.c:29:17
A-instructions/09-sub.c:29:17: debug: instruction: cl <<<
        <instruction> [RET]: A-instructions/09-sub.c:29:17
            <ret-src>
                <operand> {kind=VAR, scope=FUNCTION}
                    <type> {kind=REAL, uid=21, name=double, sizeof=8, item_cnt=0, is_unsigned=N}: (null):-1:-1
                    <operand-var> {uid=18, name=(none), artificial=Y, initialized=N}: A-instructions/09-sub.c:29:17
A-instructions/09-sub.c:28:1: debug: function: end binop_double

A-instructions/09-sub.c:33:1: debug: operand-symbol: sp >>> binop_int_int_uint
        {kind=node, initializer=N, scope=file}
int static [signed] [toplevel] binop_int_int_uint( ... )
A-instructions/09-sub.c:33:1: debug: operand-symbol: cl <<< binop_int_int_uint
        <operand> {kind=CST, scope=STATIC}
            <type> {kind=FNC, uid=28, name=(none), sizeof=4, item_cnt=3, is_unsigned=N}: A-instructions/09-sub.c:33:20
                <type-item> {name=(anonymous)}
                    <type> {kind=INT, uid=4, name=int, sizeof=4, item_cnt=0, is_unsigned=N}: (null):-1:-1
                <type-item> {name=a}
                    <type> {kind=INT, uid=4, name=int, sizeof=4, item_cnt=0, is_unsigned=N}: (null):-1:-1
                <type-item> {name=b}
                    <type> {kind=INT, uid=6, name=uint, sizeof=4, item_cnt=0, is_unsigned=Y}: (null):-1:-1
            <constant-fnc> {name=binop_int_int_uint, uid=6, extern=N}: A-instructions/09-sub.c:33:1

A-instructions/09-sub.c:33:1: debug: function: begin binop_int_int_uint
	debug: function: argument 1
A-instructions/09-sub.c:33:21: debug: operand-symbol: sp >>> a
        {kind=node, initializer=N, scope=unknown-toplevel:outer}
int [signed] a
A-instructions/09-sub.c:33:21: debug: operand-symbol: cl <<< a
        <operand> {kind=VAR, scope=FUNCTION}
            <type> {kind=INT, uid=4, name=int, sizeof=4, item_cnt=0, is_unsigned=N}: (null):-1:-1
            <operand-var> {uid=19, name=a, artificial=N, initialized=N}: A-instructions/09-sub.c:33:21
	debug: function: argument 2
A-instructions/09-sub.c:33:28: debug: operand-symbol: sp >>> b
        {kind=node, initializer=N, scope=unknown-toplevel:outer}
unsigned int [unsigned] b
A-instructions/09-sub.c:33:28: debug: operand-symbol: cl <<< b
        <operand> {kind=VAR, scope=FUNCTION}
            <type> {kind=INT, uid=6, name=uint, sizeof=4, item_cnt=0, is_unsigned=Y}: (null):-1:-1
            <operand-var> {uid=20, name=b, artificial=N, initialized=N}: A-instructions/09-sub.c:33:28
A-instructions/09-sub.c:33:1: debug: instruction: cl <<<
        <instruction> [JMP]: A-instructions/09-sub.c:33:1
            <jmp-label> [1]
	debug: basic-block: open [1]
A-instructions/09-sub.c:33:1: debug: instruction: sp >>>
        <entry-point>
	debug: instruction: cl <<<
        (ignored)
A-instructions/09-sub.c:35:17: debug: instruction: sp >>>
        sub.32      %r27 <- %arg1, %arg2
	debug: operand-pseudo: sp >>>
        %r27
	debug: operand-pseudo: cl <<<
        <operand> {kind=VAR, scope=FUNCTION}
            <type> {kind=INT, uid=6, name=uint, sizeof=4, item_cnt=0, is_unsigned=Y}: (null):-1:-1
            <operand-var> {uid=21, name=(none), artificial=Y, initialized=N}: A-instructions/09-sub.c:35:17
	debug: operand-pseudo: sp >>> cached >>> cl
        %arg1
        <operand> {kind=VAR, scope=FUNCTION}
            <type> {kind=INT, uid=4, name=int, sizeof=4, item_cnt=0, is_unsigned=N}: (null):-1:-1
            <operand-var> {uid=19, name=a, artificial=N, initialized=N}: A-instructions/09-sub.c:33:21
	debug: operand-pseudo: sp >>> cached >>> cl
        %arg2
        <operand> {kind=VAR, scope=FUNCTION}
            <type> {kind=INT, uid=6, name=uint, sizeof=4, item_cnt=0, is_unsigned=Y}: (null):-1:-1
            <operand-var> {uid=20, name=b, artificial=N, initialized=N}: A-instructions/09-sub.c:33:28
A-instructions/09-sub.c:35:17: debug: instruction: cl <<<
        <instruction> [MINUS (BINOP)]: A-instructions/09-sub.c:35:17
            <binop-dst>
                <operand> {kind=VAR, scope=FUNCTION}
                    <type> {kind=INT, uid=6, name=uint, sizeof=4, item_cnt=0, is_unsigned=Y}: (null):-1:-1
                    <operand-var> {uid=21, name=(none), artificial=Y, initialized=N}: A-instructions/09-sub.c:35:17
            <binop-src1>
                <operand> {kind=VAR, scope=FUNCTION}
                    <type> {kind=INT, uid=4, name=int, sizeof=4, item_cnt=0, is_unsigned=N}: (null):-1:-1
                    <operand-var> {uid=19, name=a, artificial=N, initialized=N}: A-instructions/09-sub.c:33:21
            <binop-src2>
                <operand> {kind=VAR, scope=FUNCTION}
                    <type> {kind=INT, uid=6, name=uint, sizeof=4, item_cnt=0, is_unsigned=Y}: (null):-1:-1
                    <operand-var> {uid=20, name=b, artificial=N, initialized=N}: A-instructions/09-sub.c:33:28
A-instructions/09-sub.c:35:17: debug: instruction: sp >>>
        ret.32      %r27
	debug: operand-pseudo: sp >>> cached >>> cl
        %r27
        <operand> {kind=VAR, scope=FUNCTION}
            <type> {kind=INT, uid=6, name=uint, sizeof=4, item_cnt=0, is_unsigned=Y}: (null):-1:-1
            <operand-var> {uid=21, name=(none), artificial=Y, initialized=N}: A-instructions/09-sub.c:35:17
A-instructions/09-sub.c:35:17: debug: instruction: cl <<<
        <instruction> [RET]: A-instructions/09-sub.c:35:17
            <ret-src>
                <operand> {kind=VAR, scope=FUNCTION}
                    <type> {kind=INT, uid=6, name=uint, sizeof=4, item_cnt=0, is_unsigned=Y}: (null):-1:-1
                    <operand-var> {uid=21, name=(none), artificial=Y, initialized=N}: A-instructions/09-sub.c:35:17
A-instructions/09-sub.c:34:1: debug: function: end binop_int_int_uint

A-instructions/09-sub.c:39:1: debug: operand-symbol: sp >>> binop_double_double_int
        {kind=node, initializer=N, scope=file}
double static [toplevel] binop_double_double_int( ... )
A-instructions/09-sub.c:39:1: debug: operand-symbol: cl <<< binop_double_double_int
        <operand> {kind=CST, scope=STATIC}
            <type> {kind=FNC, uid=29, name=(none), sizeof=8, item_cnt=3, is_unsigned=N}: A-instructions/09-sub.c:39:25
                <type-item> {name=(anonymous)}
                    <type> {kind=REAL, uid=21, name=double, sizeof=8, item_cnt=0, is_unsigned=N}: (null):-1:-1
                <type-item> {name=a}
                    <type> {kind=REAL, uid=21, name=double, sizeof=8, item_cnt=0, is_unsigned=N}: (null):-1:-1
                <type-item> {name=b}
                    <type> {kind=INT, uid=4, name=int, sizeof=4, item_cnt=0, is_unsigned=N}: (null):-1:-1
            <constant-fnc> {name=binop_double_double_int, uid=7, extern=N}: A-instructions/09-sub.c:39:1

A-instructions/09-sub.c:39:1: debug: function: begin binop_double_double_int
	debug: function: argument 1
A-instructions/09-sub.c:39:26: debug: operand-symbol: sp >>> a
        {kind=node, initializer=N, scope=unknown-toplevel:outer}
double a
A-instructions/09-sub.c:39:26: debug: operand-symbol: cl <<< a
        <operand> {kind=VAR, scope=FUNCTION}
            <type> {kind=REAL, uid=21, name=double, sizeof=8, item_cnt=0, is_unsigned=N}: (null):-1:-1
            <operand-var> {uid=22, name=a, artificial=N, initialized=N}: A-instructions/09-sub.c:39:26
	debug: function: argument 2
A-instructions/09-sub.c:39:36: debug: operand-symbol: sp >>> b
        {kind=node, initializer=N, scope=unknown-toplevel:outer}
int [signed] b
A-instructions/09-sub.c:39:36: debug: operand-symbol: cl <<< b
        <operand> {kind=VAR, scope=FUNCTION}
            <type> {kind=INT, uid=4, name=int, sizeof=4, item_cnt=0, is_unsigned=N}: (null):-1:-1
            <operand-var> {uid=23, name=b, artificial=N, initialized=N}: A-instructions/09-sub.c:39:36
A-instructions/09-sub.c:39:1: debug: instruction: cl <<<
        <instruction> [JMP]: A-instructions/09-sub.c:39:1
            <jmp-label> [1]
	debug: basic-block: open [1]
A-instructions/09-sub.c:39:1: debug: instruction: sp >>>
        <entry-point>
	debug: instruction: cl <<<
        (ignored)
A-instructions/09-sub.c:41:17: debug: instruction: sp >>>
        scast.64    %r32 <- (32) %arg2
	debug: operand-pseudo: sp >>>
        %r32
	debug: operand-pseudo: cl <<<
        <operand> {kind=VAR, scope=FUNCTION}
            <type> {kind=REAL, uid=21, name=double, sizeof=8, item_cnt=0, is_unsigned=N}: (null):-1:-1
            <operand-var> {uid=24, name=(none), artificial=Y, initialized=N}: A-instructions/09-sub.c:41:17
	debug: operand-pseudo: sp >>> cached >>> cl
        %arg2
        <operand> {kind=VAR, scope=FUNCTION}
            <type> {kind=INT, uid=4, name=int, sizeof=4, item_cnt=0, is_unsigned=N}: (null):-1:-1
            <operand-var> {uid=23, name=b, artificial=N, initialized=N}: A-instructions/09-sub.c:39:36
A-instructions/09-sub.c:41:17: debug: instruction: cl <<<
        <instruction> [ASSIGN (UNOP)]: A-instructions/09-sub.c:41:17
            <unop-dst>
                <operand> {kind=VAR, scope=FUNCTION}
                    <type> {kind=REAL, uid=21, name=double, sizeof=8, item_cnt=0, is_unsigned=N}: (null):-1:-1
                    <operand-var> {uid=24, name=(none), artificial=Y, initialized=N}: A-instructions/09-sub.c:41:17
            <unop-src>
                <operand> {kind=VAR, scope=FUNCTION}
                    <type> {kind=INT, uid=4, name=int, sizeof=4, item_cnt=0, is_unsigned=N}: (null):-1:-1
                    <operand-var> {uid=23, name=b, artificial=N, initialized=N}: A-instructions/09-sub.c:39:36
A-instructions/09-sub.c:41:17: debug: instruction: sp >>>
        sub.64      %r33 <- %arg1, %r32
	debug: operand-pseudo: sp >>>
        %r33
	debug: operand-pseudo: cl <<<
        <operand> {kind=VAR, scope=FUNCTION}
            <type> {kind=REAL, uid=21, name=double, sizeof=8, item_cnt=0, is_unsigned=N}: (null):-1:-1
            <operand-var> {uid=25, name=(none), artificial=Y, initialized=N}: A-instructions/09-sub.c:41:17
	debug: operand-pseudo: sp >>> cached >>> cl
        %arg1
        <operand> {kind=VAR, scope=FUNCTION}
            <type> {kind=REAL, uid=21, name=double, sizeof=8, item_cnt=0, is_unsigned=N}: (null):-1:-1
            <operand-var> {uid=22, name=a, artificial=N, initialized=N}: A-instructions/09-sub.c:39:26
	debug: operand-pseudo: sp >>> cached >>> cl
        %r32
        <operand> {kind=VAR, scope=FUNCTION}
            <type> {kind=REAL, uid=21, name=double, sizeof=8, item_cnt=0, is_unsigned=N}: (null):-1:-1
            <operand-var> {uid=24, name=(none), artificial=Y, initialized=N}: A-instructions/09-sub.c:41:17
A-instructions/09-sub.c:41:17: debug: instruction: cl <<<
        <instruction> [MINUS (BINOP)]: A-instructions/09-sub.c:41:17
            <binop-dst>
                <operand> {kind=VAR, scope=FUNCTION}
                    <type> {kind=REAL, uid=21, name=double, sizeof=8, item_cnt=0, is_unsigned=N}: (null):-1:-1
                    <operand-var> {uid=25, name=(none), artificial=Y, initialized=N}: A-instructions/09-sub.c:41:17
            <binop-src1>
                <operand> {kind=VAR, scope=FUNCTION}
                    <type> {kind=REAL, uid=21, name=double, sizeof=8, item_cnt=0, is_unsigned=N}: (null):-1:-1
                    <operand-var> {uid=22, name=a, artificial=N, initialized=N}: A-instructions/09-sub.c:39:26
            <binop-src2>
                <operand> {kind=VAR, scope=FUNCTION}
                    <type> {kind=REAL, uid=21, name=double, sizeof=8, item_cnt=0, is_unsigned=N}: (null):-1:-1
                    <operand-var> {uid=24, name=(none), artificial=Y, initialized=N}: A-instructions/09-sub.c:41:17
A-instructions/09-sub.c:41:17: debug: instruction: sp >>>
        ret.64      %r33
	debug: operand-pseudo: sp >>> cached >>> cl
        %r33
        <operand> {kind=VAR, scope=FUNCTION}
            <type> {kind=REAL, uid=21, name=double, sizeof=8, item_cnt=0, is_unsigned=N}: (null):-1:-1
            <operand-var> {uid=25, name=(none), artificial=Y, initialized=N}: A-instructions/09-sub.c:41:17
A-instructions/09-sub.c:41:17: debug: instruction: cl <<<
        <instruction> [RET]: A-instructions/09-sub.c:41:17
            <ret-src>
                <operand> {kind=VAR, scope=FUNCTION}
                    <type> {kind=REAL, uid=21, name=double, sizeof=8, item_cnt=0, is_unsigned=N}: (null):-1:-1
                    <operand-var> {uid=25, name=(none), artificial=Y, initialized=N}: A-instructions/09-sub.c:41:17
A-instructions/09-sub.c:40:1: debug: function: end binop_double_double_int

A-instructions/09-sub.c:44:13: debug: operand-symbol: sp >>> binop_ptr_ptr_int
        {kind=node, initializer=N, scope=file}
void *static [toplevel] binop_ptr_ptr_int( ... )
A-instructions/09-sub.c:44:13: debug: operand-symbol: cl <<< binop_ptr_ptr_int
        <operand> {kind=CST, scope=STATIC}
            <type> {kind=FNC, uid=30, name=(none), sizeof=8, item_cnt=3, is_unsigned=N}: A-instructions/09-sub.c:45:19
                <type-item> {name=(anonymous)}
                    <type> {kind=PTR, uid=31, name=(none), sizeof=8, item_cnt=1, is_unsigned=N}: A-instructions/09-sub.c:44:13
                        <type-item> {name=(anonymous)}
                            <type> {kind=VOID, uid=1, name=void, sizeof=0, item_cnt=0, is_unsigned=N}: (null):-1:-1
                <type-item> {name=a}
                    <type> {kind=PTR, uid=31, name=(none), sizeof=8, item_cnt=1, is_unsigned=N}: A-instructions/09-sub.c:44:13
                        <type-item> {name=(anonymous)}
                            <type> {kind=VOID, uid=1, name=void, sizeof=0, item_cnt=0, is_unsigned=N}: (null):-1:-1
                <type-item> {name=b}
                    <type> {kind=INT, uid=4, name=int, sizeof=4, item_cnt=0, is_unsigned=N}: (null):-1:-1
            <constant-fnc> {name=binop_ptr_ptr_int, uid=8, extern=N}: A-instructions/09-sub.c:44:13

A-instructions/09-sub.c:44:13: debug: function: begin binop_ptr_ptr_int
	debug: function: argument 1
A-instructions/09-sub.c:45:20: debug: operand-symbol: sp >>> a
        {kind=node, initializer=N, scope=unknown-toplevel:outer}
void *a
A-instructions/09-sub.c:45:20: debug: operand-symbol: cl <<< a
        <operand> {kind=VAR, scope=FUNCTION}
            <type> {kind=PTR, uid=31, name=(none), sizeof=8, item_cnt=1, is_unsigned=N}: A-instructions/09-sub.c:44:13
                <type-item> {name=(anonymous)}
                    <type> {kind=VOID, uid=1, name=void, sizeof=0, item_cnt=0, is_unsigned=N}: (null):-1:-1
            <operand-var> {uid=26, name=a, artificial=N, initialized=N}: A-instructions/09-sub.c:45:20
	debug: function: argument 2
A-instructions/09-sub.c:45:29: debug: operand-symbol: sp >>> b
        {kind=node, initializer=N, scope=unknown-toplevel:outer}
int [signed] b
A-instructions/09-sub.c:45:29: debug: operand-symbol: cl <<< b
        <operand> {kind=VAR, scope=FUNCTION}
            <type> {kind=INT, uid=4, name=int, sizeof=4, item_cnt=0, is_unsigned=N}: (null):-1:-1
            <operand-var> {uid=27, name=b, artificial=N, initialized=N}: A-instructions/09-sub.c:45:29
A-instructions/09-sub.c:44:13: debug: instruction: cl <<<
        <instruction> [JMP]: A-instructions/09-sub.c:44:13
            <jmp-label> [1]
	debug: basic-block: open [1]
A-instructions/09-sub.c:44:13: debug: instruction: sp >>>
        <entry-point>
	debug: instruction: cl <<<
        (ignored)
A-instructions/09-sub.c:47:17: debug: instruction: sp >>>
        scast.64    %r37 <- (32) %arg2
	debug: operand-pseudo: sp >>>
        %r37
	debug: operand-pseudo: cl <<<
        <operand> {kind=VAR, scope=FUNCTION}
            <type> {kind=INT, uid=10, name=long, sizeof=8, item_cnt=0, is_unsigned=N}: (null):-1:-1
            <operand-var> {uid=28, name=(none), artificial=Y, initialized=N}: A-instructions/09-sub.c:47:17
	debug: operand-pseudo: sp >>> cached >>> cl
        %arg2
        <operand> {kind=VAR, scope=FUNCTION}
            <type> {kind=INT, uid=4, name=int, sizeof=4, item_cnt=0, is_unsigned=N}: (null):-1:-1
            <operand-var> {uid=27, name=b, artificial=N, initialized=N}: A-instructions/09-sub.c:45:29
A-instructions/09-sub.c:47:17: debug: instruction: cl <<<
        <instruction> [ASSIGN (UNOP)]: A-instructions/09-sub.c:47:17
            <unop-dst>
                <operand> {kind=VAR, scope=FUNCTION}
                    <type> {kind=INT, uid=10, name=long, sizeof=8, item_cnt=0, is_unsigned=N}: (null):-1:-1
                    <operand-var> {uid=28, name=(none), artificial=Y, initialized=N}: A-instructions/09-sub.c:47:17
            <unop-src>
                <operand> {kind=VAR, scope=FUNCTION}
                    <type> {kind=INT, uid=4, name=int, sizeof=4, item_cnt=0, is_unsigned=N}: (null):-1:-1
                    <operand-var> {uid=27, name=b, artificial=N, initialized=N}: A-instructions/09-sub.c:45:29
A-instructions/09-sub.c:47:17: debug: instruction: sp >>>
        sub.64      %r38 <- %arg1, %r37
	debug: operand-pseudo: sp >>>
        %r38
	debug: operand-pseudo: cl <<<
        <operand> {kind=VAR, scope=FUNCTION}
            <type> {kind=PTR, uid=31, name=(none), sizeof=8, item_cnt=1, is_unsigned=N}: A-instructions/09-sub.c:44:13
                <type-item> {name=(anonymous)}
                    <type> {kind=VOID, uid=1, name=void, sizeof=0, item_cnt=0, is_unsigned=N}: (null):-1:-1
            <operand-var> {uid=29, name=(none), artificial=Y, initialized=N}: A-instructions/09-sub.c:47:17
	debug: operand-pseudo: sp >>> cached >>> cl
        %arg1
        <operand> {kind=VAR, scope=FUNCTION}
            <type> {kind=PTR, uid=31, name=(none), sizeof=8, item_cnt=1, is_unsigned=N}: A-instructions/09-sub.c:44:13
                <type-item> {name=(anonymous)}
                    <type> {kind=VOID, uid=1, name=void, sizeof=0, item_cnt=0, is_unsigned=N}: (null):-1:-1
            <operand-var> {uid=26, name=a, artificial=N, initialized=N}: A-instructions/09-sub.c:45:20
	debug: operand-pseudo: sp >>> cached >>> cl
        %r37
        <operand> {kind=VAR, scope=FUNCTION}
            <type> {kind=INT, uid=10, name=long, sizeof=8, item_cnt=0, is_unsigned=N}: (null):-1:-1
            <operand-var> {uid=28, name=(none), artificial=Y, initialized=N}: A-instructions/09-sub.c:47:17
A-instructions/09-sub.c:47:17: debug: instruction: cl <<<
        <instruction> [MINUS (UNOP)]: A-instructions/09-sub.c:47:17
            <unop-dst>
                <operand> {kind=VAR, scope=FUNCTION}
                    <type> {kind=INT, uid=10, name=long, sizeof=8, item_cnt=0, is_unsigned=N}: (null):-1:-1
                    <operand-var> {uid=30, name=(none), artificial=Y, initialized=N}: A-instructions/09-sub.c:47:17
            <unop-src>
                <operand> {kind=VAR, scope=FUNCTION}
                    <type> {kind=INT, uid=10, name=long, sizeof=8, item_cnt=0, is_unsigned=N}: (null):-1:-1
                    <operand-var> {uid=28, name=(none), artificial=Y, initialized=N}: A-instructions/09-sub.c:47:17
	debug: operand-pseudo: sp >>> cached >>> cl
        %r38
        <operand> {kind=VAR, scope=FUNCTION}
            <type> {kind=PTR, uid=31, name=(none), sizeof=8, item_cnt=1, is_unsigned=N}: A-instructions/09-sub.c:44:13
                <type-item> {name=(anonymous)}
                    <type> {kind=VOID, uid=1, name=void, sizeof=0, item_cnt=0, is_unsigned=N}: (null):-1:-1
            <operand-var> {uid=29, name=(none), artificial=Y, initialized=N}: A-instructions/09-sub.c:47:17
	debug: operand-pseudo: sp >>> cached >>> cl
        %arg1
        <operand> {kind=VAR, scope=FUNCTION}
            <type> {kind=PTR, uid=31, name=(none), sizeof=8, item_cnt=1, is_unsigned=N}: A-instructions/09-sub.c:44:13
                <type-item> {name=(anonymous)}
                    <type> {kind=VOID, uid=1, name=void, sizeof=0, item_cnt=0, is_unsigned=N}: (null):-1:-1
            <operand-var> {uid=26, name=a, artificial=N, initialized=N}: A-instructions/09-sub.c:45:20
	debug: operand-pseudo: sp >>> cached >>> cl
        %r37
        <operand> {kind=VAR, scope=FUNCTION}
            <type> {kind=INT, uid=10, name=long, sizeof=8, item_cnt=0, is_unsigned=N}: (null):-1:-1
            <operand-var> {uid=30, name=(none), artificial=Y, initialized=N}: A-instructions/09-sub.c:47:17
A-instructions/09-sub.c:47:17: debug: instruction: cl <<<
        <instruction> [POINTER_PLUS (BINOP)]: A-instructions/09-sub.c:47:17
            <binop-dst>
                <operand> {kind=VAR, scope=FUNCTION}
                    <type> {kind=PTR, uid=31, name=(none), sizeof=8, item_cnt=1, is_unsigned=N}: A-instructions/09-sub.c:44:13
                        <type-item> {name=(anonymous)}
                            <type> {kind=VOID, uid=1, name=void, sizeof=0, item_cnt=0, is_unsigned=N}: (null):-1:-1
                    <operand-var> {uid=29, name=(none), artificial=Y, initialized=N}: A-instructions/09-sub.c:47:17
            <binop-src1>
                <operand> {kind=VAR, scope=FUNCTION}
                    <type> {kind=PTR, uid=31, name=(none), sizeof=8, item_cnt=1, is_unsigned=N}: A-instructions/09-sub.c:44:13
                        <type-item> {name=(anonymous)}
                            <type> {kind=VOID, uid=1, name=void, sizeof=0, item_cnt=0, is_unsigned=N}: (null):-1:-1
                    <operand-var> {uid=26, name=a, artificial=N, initialized=N}: A-instructions/09-sub.c:45:20
            <binop-src2>
                <operand> {kind=VAR, scope=FUNCTION}
                    <type> {kind=INT, uid=10, name=long, sizeof=8, item_cnt=0, is_unsigned=N}: (null):-1:-1
                    <operand-var> {uid=30, name=(none), artificial=Y, initialized=N}: A-instructions/09-sub.c:47:17
A-instructions/09-sub.c:47:17: debug: instruction: sp >>>
        ret.64      %r38
	debug: operand-pseudo: sp >>> cached >>> cl
        %r38
        <operand> {kind=VAR, scope=FUNCTION}
            <type> {kind=PTR, uid=31, name=(none), sizeof=8, item_cnt=1, is_unsigned=N}: A-instructions/09-sub.c:44:13
                <type-item> {name=(anonymous)}
                    <type> {kind=VOID, uid=1, name=void, sizeof=0, item_cnt=0, is_unsigned=N}: (null):-1:-1
            <operand-var> {uid=29, name=(none), artificial=Y, initialized=N}: A-instructions/09-sub.c:47:17
A-instructions/09-sub.c:47:17: debug: instruction: cl <<<
        <instruction> [RET]: A-instructions/09-sub.c:47:17
            <ret-src>
                <operand> {kind=VAR, scope=FUNCTION}
                    <type> {kind=PTR, uid=31, name=(none), sizeof=8, item_cnt=1, is_unsigned=N}: A-instructions/09-sub.c:44:13
                        <type-item> {name=(anonymous)}
                            <type> {kind=VOID, uid=1, name=void, sizeof=0, item_cnt=0, is_unsigned=N}: (null):-1:-1
                    <operand-var> {uid=29, name=(none), artificial=Y, initialized=N}: A-instructions/09-sub.c:47:17
A-instructions/09-sub.c:46:1: debug: function: end binop_ptr_ptr_int

A-instructions/09-sub.c:51:1: debug: operand-symbol: sp >>> binop_int_zero
        {kind=node, initializer=N, scope=file}
int static [signed] [toplevel] binop_int_zero( ... )
A-instructions/09-sub.c:51:1: debug: operand-symbol: cl <<< binop_int_zero
        <operand> {kind=CST, scope=STATIC}
            <type> {kind=FNC, uid=32, name=(none), sizeof=4, item_cnt=2, is_unsigned=N}: A-instructions/09-sub.c:51:16
                <type-item> {name=(anonymous)}
                    <type> {kind=INT, uid=4, name=int, sizeof=4, item_cnt=0, is_unsigned=N}: (null):-1:-1
                <type-item> {name=a}
                    <type> {kind=INT, uid=4, name=int, sizeof=4, item_cnt=0, is_unsigned=N}: (null):-1:-1
            <constant-fnc> {name=binop_int_zero, uid=9, extern=N}: A-instructions/09-sub.c:51:1

A-instructions/09-sub.c:51:1: debug: function: begin binop_int_zero
	debug: function: argument 1
A-instructions/09-sub.c:51:17: debug: operand-symbol: sp >>> a
        {kind=node, initializer=N, scope=unknown-toplevel:outer}
int [signed] a
A-instructions/09-sub.c:51:17: debug: operand-symbol: cl <<< a
        <operand> {kind=VAR, scope=FUNCTION}
            <type> {kind=INT, uid=4, name=int, sizeof=4, item_cnt=0, is_unsigned=N}: (null):-1:-1
            <operand-var> {uid=31, name=a, artificial=N, initialized=N}: A-instructions/09-sub.c:51:17
A-instructions/09-sub.c:51:1: debug: instruction: cl <<<
        <instruction> [JMP]: A-instructions/09-sub.c:51:1
            <jmp-label> [1]
	debug: basic-block: open [1]
A-instructions/09-sub.c:51:1: debug: instruction: sp >>>
        <entry-point>
	debug: instruction: cl <<<
        (ignored)
A-instructions/09-sub.c:53:17: debug: instruction: sp >>>
        ret.32      %arg1
	debug: operand-pseudo: sp >>> cached >>> cl
        %arg1
        <operand> {kind=VAR, scope=FUNCTION}
            <type> {kind=INT, uid=4, name=int, sizeof=4, item_cnt=0, is_unsigned=N}: (null):-1:-1
            <operand-var> {uid=31, name=a, artificial=N, initialized=N}: A-instructions/09-sub.c:51:17
A-instructions/09-sub.c:53:17: debug: instruction: cl <<<
        <instruction> [RET]: A-instructions/09-sub.c:53:17
            <ret-src>
                <operand> {kind=VAR, scope=FUNCTION}
                    <type> {kind=INT, uid=4, name=int, sizeof=4, item_cnt=0, is_unsigned=N}: (null):-1:-1
                    <operand-var> {uid=31, name=a, artificial=N, initialized=N}: A-instructions/09-sub.c:51:17
A-instructions/09-sub.c:52:1: debug: function: end binop_int_zero

A-instructions/09-sub.c:57:1: debug: operand-symbol: sp >>> binop_int_one
        {kind=node, initializer=N, scope=file}
int static [signed] [toplevel] binop_int_one( ... )
A-instructions/09-sub.c:57:1: debug: operand-symbol: cl <<< binop_int_one
        <operand> {kind=CST, scope=STATIC}
            <type> {kind=FNC, uid=33, name=(none), sizeof=4, item_cnt=2, is_unsigned=N}: A-instructions/09-sub.c:57:15
                <type-item> {name=(anonymous)}
                    <type> {kind=INT, uid=4, name=int, sizeof=4, item_cnt=0, is_unsigned=N}: (null):-1:-1
                <type-item> {name=a}
                    <type> {kind=INT, uid=4, name=int, sizeof=4, item_cnt=0, is_unsigned=N}: (null):-1:-1
            <constant-fnc> {name=binop_int_one, uid=10, extern=N}: A-instructions/09-sub.c:57:1

A-instructions/09-sub.c:57:1: debug: function: begin binop_int_one
	debug: function: argument 1
A-instructions/09-sub.c:57:16: debug: operand-symbol: sp >>> a
        {kind=node, initializer=N, scope=unknown-toplevel:outer}
int [signed] a
A-instructions/09-sub.c:57:16: debug: operand-symbol: cl <<< a
        <operand> {kind=VAR, scope=FUNCTION}
            <type> {kind=INT, uid=4, name=int, sizeof=4, item_cnt=0, is_unsigned=N}: (null):-1:-1
            <operand-var> {uid=32, name=a, artificial=N, initialized=N}: A-instructions/09-sub.c:57:16
A-instructions/09-sub.c:57:1: debug: instruction: cl <<<
        <instruction> [JMP]: A-instructions/09-sub.c:57:1
            <jmp-label> [1]
	debug: basic-block: open [1]
A-instructions/09-sub.c:57:1: debug: instruction: sp >>>
        <entry-point>
	debug: instruction: cl <<<
        (ignored)
A-instructions/09-sub.c:59:17: debug: instruction: sp >>>
        add.32      %r44 <- %arg1, $-1
	debug: operand-pseudo: sp >>>
        %r44
	debug: operand-pseudo: cl <<<
        <operand> {kind=VAR, scope=FUNCTION}
            <type> {kind=INT, uid=4, name=int, sizeof=4, item_cnt=0, is_unsigned=N}: (null):-1:-1
            <operand-var> {uid=33, name=(none), artificial=Y, initialized=N}: A-instructions/09-sub.c:59:17
	debug: operand-pseudo: sp >>> cached >>> cl
        %arg1
        <operand> {kind=VAR, scope=FUNCTION}
            <type> {kind=INT, uid=4, name=int, sizeof=4, item_cnt=0, is_unsigned=N}: (null):-1:-1
            <operand-var> {uid=32, name=a, artificial=N, initialized=N}: A-instructions/09-sub.c:57:16
	debug: operand-pseudo: sp >>>
        $-1
	debug: operand-pseudo: cl <<<
        <operand> {kind=CST, scope=GLOBAL}
            <type> {kind=INT, uid=4, name=int, sizeof=4, item_cnt=0, is_unsigned=N}: (null):-1:-1
            <constant-int> [-1]
A-instructions/09-sub.c:59:17: debug: instruction: cl <<<
        <instruction> [PLUS (BINOP)]: A-instructions/09-sub.c:59:17
            <binop-dst>
                <operand> {kind=VAR, scope=FUNCTION}
                    <type> {kind=INT, uid=4, name=int, sizeof=4, item_cnt=0, is_unsigned=N}: (null):-1:-1
                    <operand-var> {uid=33, name=(none), artificial=Y, initialized=N}: A-instructions/09-sub.c:59:17
            <binop-src1>
                <operand> {kind=VAR, scope=FUNCTION}
                    <type> {kind=INT, uid=4, name=int, sizeof=4, item_cnt=0, is_unsigned=N}: (null):-1:-1
                    <operand-var> {uid=32, name=a, artificial=N, initialized=N}: A-instructions/09-sub.c:57:16
            <binop-src2>
                <operand> {kind=CST, scope=GLOBAL}
                    <type> {kind=INT, uid=4, name=int, sizeof=4, item_cnt=0, is_unsigned=N}: (null):-1:-1
                    <constant-int> [-1]
A-instructions/09-sub.c:59:17: debug: instruction: sp >>>
        ret.32      %r44
	debug: operand-pseudo: sp >>> cached >>> cl
        %r44
        <operand> {kind=VAR, scope=FUNCTION}
            <type> {kind=INT, uid=4, name=int, sizeof=4, item_cnt=0, is_unsigned=N}: (null):-1:-1
            <operand-var> {uid=33, name=(none), artificial=Y, initialized=N}: A-instructions/09-sub.c:59:17
A-instructions/09-sub.c:59:17: debug: instruction: cl <<<
        <instruction> [RET]: A-instructions/09-sub.c:59:17
            <ret-src>
                <operand> {kind=VAR, scope=FUNCTION}
                    <type> {kind=INT, uid=4, name=int, sizeof=4, item_cnt=0, is_unsigned=N}: (null):-1:-1
                    <operand-var> {uid=33, name=(none), artificial=Y, initialized=N}: A-instructions/09-sub.c:59:17
A-instructions/09-sub.c:58:1: debug: function: end binop_int_one

A-instructions/09-sub.c:58:1: debug: file: end (last symbol)

