
A-instructions/10-mulu.c:3:1: debug: file: begin (first symbol)
A-instructions/10-mulu.c:3:1: debug: operand-symbol: sp >>> binop_unsigned
        {kind=node, initializer=N, scope=file}
unsigned int static [unsigned] [toplevel] binop_unsigned( ... )
A-instructions/10-mulu.c:3:1: debug: operand-symbol: cl <<< binop_unsigned
        <operand> {kind=CST, scope=STATIC}
            <type> {kind=FNC, uid=24, name=(none), sizeof=4, item_cnt=3, is_unsigned=N}: A-instructions/10-mulu.c:3:16
                <type-item> {name=(anonymous)}
                    <type> {kind=INT, uid=6, name=uint, sizeof=4, item_cnt=0, is_unsigned=Y}: (null):-1:-1
                <type-item> {name=a}
                    <type> {kind=INT, uid=6, name=uint, sizeof=4, item_cnt=0, is_unsigned=Y}: (null):-1:-1
                <type-item> {name=b}
                    <type> {kind=INT, uid=6, name=uint, sizeof=4, item_cnt=0, is_unsigned=Y}: (null):-1:-1
            <constant-fnc> {name=binop_unsigned, uid=1, extern=N}: A-instructions/10-mulu.c:3:1

A-instructions/10-mulu.c:3:1: debug: function: begin binop_unsigned
	debug: function: argument 1
A-instructions/10-mulu.c:3:17: debug: operand-symbol: sp >>> a
        {kind=node, initializer=N, scope=unknown-toplevel:outer}
unsigned int [unsigned] a
A-instructions/10-mulu.c:3:17: debug: operand-symbol: cl <<< a
        <operand> {kind=VAR, scope=FUNCTION}
            <type> {kind=INT, uid=6, name=uint, sizeof=4, item_cnt=0, is_unsigned=Y}: (null):-1:-1
            <operand-var> {uid=1, name=a, artificial=N, initialized=N}: A-instructions/10-mulu.c:3:17
	debug: function: argument 2
A-instructions/10-mulu.c:3:29: debug: operand-symbol: sp >>> b
        {kind=node, initializer=N, scope=unknown-toplevel:outer}
unsigned int [unsigned] b
A-instructions/10-mulu.c:3:29: debug: operand-symbol: cl <<< b
        <operand> {kind=VAR, scope=FUNCTION}
            <type> {kind=INT, uid=6, name=uint, sizeof=4, item_cnt=0, is_unsigned=Y}: (null):-1:-1
            <operand-var> {uid=2, name=b, artificial=N, initialized=N}: A-instructions/10-mulu.c:3:29
A-instructions/10-mulu.c:3:1: debug: instruction: cl <<<
        <instruction> [JMP]: A-instructions/10-mulu.c:3:1
            <jmp-label> [1]
	debug: basic-block: open [1]
A-instructions/10-mulu.c:3:1: debug: instruction: sp >>>
        <entry-point>
	debug: instruction: cl <<<
        (ignored)
A-instructions/10-mulu.c:5:17: debug: instruction: sp >>>
        mulu.32     %r3 <- %arg1, %arg2
	debug: operand-pseudo: sp >>>
        %r3
	debug: operand-pseudo: cl <<<
        <operand> {kind=VAR, scope=FUNCTION}
            <type> {kind=INT, uid=6, name=uint, sizeof=4, item_cnt=0, is_unsigned=Y}: (null):-1:-1
            <operand-var> {uid=3, name=(none), artificial=Y, initialized=N}: A-instructions/10-mulu.c:5:17
	debug: operand-pseudo: sp >>> cached >>> cl
        %arg1
        <operand> {kind=VAR, scope=FUNCTION}
            <type> {kind=INT, uid=6, name=uint, sizeof=4, item_cnt=0, is_unsigned=Y}: (null):-1:-1
            <operand-var> {uid=1, name=a, artificial=N, initialized=N}: A-instructions/10-mulu.c:3:17
	debug: operand-pseudo: sp >>> cached >>> cl
        %arg2
        <operand> {kind=VAR, scope=FUNCTION}
            <type> {kind=INT, uid=6, name=uint, sizeof=4, item_cnt=0, is_unsigned=Y}: (null):-1:-1
            <operand-var> {uid=2, name=b, artificial=N, initialized=N}: A-instructions/10-mulu.c:3:29
A-instructions/10-mulu.c:5:17: debug: instruction: cl <<<
        <instruction> [MULT (BINOP)]: A-instructions/10-mulu.c:5:17
            <binop-dst>
                <operand> {kind=VAR, scope=FUNCTION}
                    <type> {kind=INT, uid=6, name=uint, sizeof=4, item_cnt=0, is_unsigned=Y}: (null):-1:-1
                    <operand-var> {uid=3, name=(none), artificial=Y, initialized=N}: A-instructions/10-mulu.c:5:17
            <binop-src1>
                <operand> {kind=VAR, scope=FUNCTION}
                    <type> {kind=INT, uid=6, name=uint, sizeof=4, item_cnt=0, is_unsigned=Y}: (null):-1:-1
                    <operand-var> {uid=1, name=a, artificial=N, initialized=N}: A-instructions/10-mulu.c:3:17
            <binop-src2>
                <operand> {kind=VAR, scope=FUNCTION}
                    <type> {kind=INT, uid=6, name=uint, sizeof=4, item_cnt=0, is_unsigned=Y}: (null):-1:-1
                    <operand-var> {uid=2, name=b, artificial=N, initialized=N}: A-instructions/10-mulu.c:3:29
A-instructions/10-mulu.c:5:17: debug: instruction: sp >>>
        ret.32      %r3
	debug: operand-pseudo: sp >>> cached >>> cl
        %r3
        <operand> {kind=VAR, scope=FUNCTION}
            <type> {kind=INT, uid=6, name=uint, sizeof=4, item_cnt=0, is_unsigned=Y}: (null):-1:-1
            <operand-var> {uid=3, name=(none), artificial=Y, initialized=N}: A-instructions/10-mulu.c:5:17
A-instructions/10-mulu.c:5:17: debug: instruction: cl <<<
        <instruction> [RET]: A-instructions/10-mulu.c:5:17
            <ret-src>
                <operand> {kind=VAR, scope=FUNCTION}
                    <type> {kind=INT, uid=6, name=uint, sizeof=4, item_cnt=0, is_unsigned=Y}: (null):-1:-1
                    <operand-var> {uid=3, name=(none), artificial=Y, initialized=N}: A-instructions/10-mulu.c:5:17
A-instructions/10-mulu.c:4:1: debug: function: end binop_unsigned

A-instructions/10-mulu.c:9:1: debug: operand-symbol: sp >>> binop_int_int_uint
        {kind=node, initializer=N, scope=file}
int static [signed] [toplevel] binop_int_int_uint( ... )
A-instructions/10-mulu.c:9:1: debug: operand-symbol: cl <<< binop_int_int_uint
        <operand> {kind=CST, scope=STATIC}
            <type> {kind=FNC, uid=25, name=(none), sizeof=4, item_cnt=3, is_unsigned=N}: A-instructions/10-mulu.c:9:20
                <type-item> {name=(anonymous)}
                    <type> {kind=INT, uid=4, name=int, sizeof=4, item_cnt=0, is_unsigned=N}: (null):-1:-1
                <type-item> {name=a}
                    <type> {kind=INT, uid=4, name=int, sizeof=4, item_cnt=0, is_unsigned=N}: (null):-1:-1
                <type-item> {name=b}
                    <type> {kind=INT, uid=6, name=uint, sizeof=4, item_cnt=0, is_unsigned=Y}: (null):-1:-1
            <constant-fnc> {name=binop_int_int_uint, uid=2, extern=N}: A-instructions/10-mulu.c:9:1

A-instructions/10-mulu.c:9:1: debug: function: begin binop_int_int_uint
	debug: function: argument 1
A-instructions/10-mulu.c:9:21: debug: operand-symbol: sp >>> a
        {kind=node, initializer=N, scope=unknown-toplevel:outer}
int [signed] a
A-instructions/10-mulu.c:9:21: debug: operand-symbol: cl <<< a
        <operand> {kind=VAR, scope=FUNCTION}
            <type> {kind=INT, uid=4, name=int, sizeof=4, item_cnt=0, is_unsigned=N}: (null):-1:-1
            <operand-var> {uid=4, name=a, artificial=N, initialized=N}: A-instructions/10-mulu.c:9:21
	debug: function: argument 2
A-instructions/10-mulu.c:9:28: debug: operand-symbol: sp >>> b
        {kind=node, initializer=N, scope=unknown-toplevel:outer}
unsigned int [unsigned] b
A-instructions/10-mulu.c:9:28: debug: operand-symbol: cl <<< b
        <operand> {kind=VAR, scope=FUNCTION}
            <type> {kind=INT, uid=6, name=uint, sizeof=4, item_cnt=0, is_unsigned=Y}: (null):-1:-1
            <operand-var> {uid=5, name=b, artificial=N, initialized=N}: A-instructions/10-mulu.c:9:28
A-instructions/10-mulu.c:9:1: debug: instruction: cl <<<
        <instruction> [JMP]: A-instructions/10-mulu.c:9:1
            <jmp-label> [1]
	debug: basic-block: open [1]
A-instructions/10-mulu.c:9:1: debug: instruction: sp >>>
        <entry-point>
	debug: instruction: cl <<<
        (ignored)
A-instructions/10-mulu.c:11:17: debug: instruction: sp >>>
        mulu.32     %r8 <- %arg1, %arg2
	debug: operand-pseudo: sp >>>
        %r8
	debug: operand-pseudo: cl <<<
        <operand> {kind=VAR, scope=FUNCTION}
            <type> {kind=INT, uid=6, name=uint, sizeof=4, item_cnt=0, is_unsigned=Y}: (null):-1:-1
            <operand-var> {uid=6, name=(none), artificial=Y, initialized=N}: A-instructions/10-mulu.c:11:17
	debug: operand-pseudo: sp >>> cached >>> cl
        %arg1
        <operand> {kind=VAR, scope=FUNCTION}
            <type> {kind=INT, uid=4, name=int, sizeof=4, item_cnt=0, is_unsigned=N}: (null):-1:-1
            <operand-var> {uid=4, name=a, artificial=N, initialized=N}: A-instructions/10-mulu.c:9:21
	debug: operand-pseudo: sp >>> cached >>> cl
        %arg2
        <operand> {kind=VAR, scope=FUNCTION}
            <type> {kind=INT, uid=6, name=uint, sizeof=4, item_cnt=0, is_unsigned=Y}: (null):-1:-1
            <operand-var> {uid=5, name=b, artificial=N, initialized=N}: A-instructions/10-mulu.c:9:28
A-instructions/10-mulu.c:11:17: debug: instruction: cl <<<
        <instruction> [MULT (BINOP)]: A-instructions/10-mulu.c:11:17
            <binop-dst>
                <operand> {kind=VAR, scope=FUNCTION}
                    <type> {kind=INT, uid=6, name=uint, sizeof=4, item_cnt=0, is_unsigned=Y}: (null):-1:-1
                    <operand-var> {uid=6, name=(none), artificial=Y, initialized=N}: A-instructions/10-mulu.c:11:17
            <binop-src1>
                <operand> {kind=VAR, scope=FUNCTION}
                    <type> {kind=INT, uid=4, name=int, sizeof=4, item_cnt=0, is_unsigned=N}: (null):-1:-1
                    <operand-var> {uid=4, name=a, artificial=N, initialized=N}: A-instructions/10-mulu.c:9:21
            <binop-src2>
                <operand> {kind=VAR, scope=FUNCTION}
                    <type> {kind=INT, uid=6, name=uint, sizeof=4, item_cnt=0, is_unsigned=Y}: (null):-1:-1
                    <operand-var> {uid=5, name=b, artificial=N, initialized=N}: A-instructions/10-mulu.c:9:28
A-instructions/10-mulu.c:11:17: debug: instruction: sp >>>
        ret.32      %r8
	debug: operand-pseudo: sp >>> cached >>> cl
        %r8
        <operand> {kind=VAR, scope=FUNCTION}
            <type> {kind=INT, uid=6, name=uint, sizeof=4, item_cnt=0, is_unsigned=Y}: (null):-1:-1
            <operand-var> {uid=6, name=(none), artificial=Y, initialized=N}: A-instructions/10-mulu.c:11:17
A-instructions/10-mulu.c:11:17: debug: instruction: cl <<<
        <instruction> [RET]: A-instructions/10-mulu.c:11:17
            <ret-src>
                <operand> {kind=VAR, scope=FUNCTION}
                    <type> {kind=INT, uid=6, name=uint, sizeof=4, item_cnt=0, is_unsigned=Y}: (null):-1:-1
                    <operand-var> {uid=6, name=(none), artificial=Y, initialized=N}: A-instructions/10-mulu.c:11:17
A-instructions/10-mulu.c:10:1: debug: function: end binop_int_int_uint

A-instructions/10-mulu.c:10:1: debug: file: end (last symbol)

