
A-instructions/26-set_le.c:3:1: debug: file: begin (first symbol)
A-instructions/26-set_le.c:3:1: debug: operand-symbol: sp >>> binop_int_zero
        {kind=node, initializer=N, scope=file}
int static [signed] [toplevel] binop_int_zero( ... )
A-instructions/26-set_le.c:3:1: debug: operand-symbol: cl <<< binop_int_zero
        <operand> {kind=CST, scope=STATIC}
            <type> {kind=FNC, uid=23, name=(none), sizeof=4, item_cnt=2, is_unsigned=N}: A-instructions/26-set_le.c:3:16
                <type-item> {name=(anonymous)}
                    <type> {kind=INT, uid=4, name=int, sizeof=4, item_cnt=0, is_unsigned=N}: (null):-1:-1
                <type-item> {name=a}
                    <type> {kind=INT, uid=4, name=int, sizeof=4, item_cnt=0, is_unsigned=N}: (null):-1:-1
            <constant-fnc> {name=binop_int_zero, uid=1, extern=N}: A-instructions/26-set_le.c:3:1

A-instructions/26-set_le.c:3:1: debug: function: begin binop_int_zero
	debug: function: argument 1
A-instructions/26-set_le.c:3:17: debug: operand-symbol: sp >>> a
        {kind=node, initializer=N, scope=unknown-toplevel:outer}
int [signed] a
A-instructions/26-set_le.c:3:17: debug: operand-symbol: cl <<< a
        <operand> {kind=VAR, scope=FUNCTION}
            <type> {kind=INT, uid=4, name=int, sizeof=4, item_cnt=0, is_unsigned=N}: (null):-1:-1
            <operand-var> {uid=1, name=a, artificial=N, initialized=N}: A-instructions/26-set_le.c:3:17
A-instructions/26-set_le.c:3:1: debug: instruction: cl <<<
        <instruction> [JMP]: A-instructions/26-set_le.c:3:1
            <jmp-label> [1]
	debug: basic-block: open [1]
A-instructions/26-set_le.c:3:1: debug: instruction: sp >>>
        <entry-point>
	debug: instruction: cl <<<
        (ignored)
A-instructions/26-set_le.c:5:18: debug: instruction: sp >>>
        setle.32    %r2 <- %arg1, $0
	debug: operand-pseudo: sp >>>
        %r2
	debug: operand-pseudo: cl <<<
        <operand> {kind=VAR, scope=BB}
            <type> {kind=BOOL, uid=19, name=bool, sizeof=1, item_cnt=0, is_unsigned=Y}: (null):-1:-1
            <operand-var> {uid=2, name=(none), artificial=Y, initialized=N}: A-instructions/26-set_le.c:5:18
	debug: operand-pseudo: sp >>> cached >>> cl
        %arg1
        <operand> {kind=VAR, scope=FUNCTION}
            <type> {kind=INT, uid=4, name=int, sizeof=4, item_cnt=0, is_unsigned=N}: (null):-1:-1
            <operand-var> {uid=1, name=a, artificial=N, initialized=N}: A-instructions/26-set_le.c:3:17
	debug: operand-pseudo: sp >>>
        $0
	debug: operand-pseudo: cl <<<
        <operand> {kind=CST, scope=GLOBAL}
            <type> {kind=INT, uid=4, name=int, sizeof=4, item_cnt=0, is_unsigned=N}: (null):-1:-1
            <constant-int> [0]
A-instructions/26-set_le.c:5:18: debug: instruction: cl <<<
        <instruction> [LE (BINOP)]: A-instructions/26-set_le.c:5:18
            <binop-dst>
                <operand> {kind=VAR, scope=BB}
                    <type> {kind=BOOL, uid=19, name=bool, sizeof=1, item_cnt=0, is_unsigned=Y}: (null):-1:-1
                    <operand-var> {uid=2, name=(none), artificial=Y, initialized=N}: A-instructions/26-set_le.c:5:18
            <binop-src1>
                <operand> {kind=VAR, scope=FUNCTION}
                    <type> {kind=INT, uid=4, name=int, sizeof=4, item_cnt=0, is_unsigned=N}: (null):-1:-1
                    <operand-var> {uid=1, name=a, artificial=N, initialized=N}: A-instructions/26-set_le.c:3:17
            <binop-src2>
                <operand> {kind=CST, scope=GLOBAL}
                    <type> {kind=INT, uid=4, name=int, sizeof=4, item_cnt=0, is_unsigned=N}: (null):-1:-1
                    <constant-int> [0]
A-instructions/26-set_le.c:5:18: debug: instruction: sp >>>
        cast.32     %r3 <- (1) %r2
	debug: operand-pseudo: sp >>>
        %r3
	debug: operand-pseudo: cl <<<
        <operand> {kind=VAR, scope=BB}
            <type> {kind=INT, uid=4, name=int, sizeof=4, item_cnt=0, is_unsigned=N}: (null):-1:-1
            <operand-var> {uid=3, name=(none), artificial=Y, initialized=N}: A-instructions/26-set_le.c:5:18
	debug: operand-pseudo: sp >>> cached >>> cl
        %r2
        <operand> {kind=VAR, scope=BB}
            <type> {kind=BOOL, uid=19, name=bool, sizeof=1, item_cnt=0, is_unsigned=Y}: (null):-1:-1
            <operand-var> {uid=2, name=(none), artificial=Y, initialized=N}: A-instructions/26-set_le.c:5:18
A-instructions/26-set_le.c:5:18: debug: instruction: cl <<<
        <instruction> [ASSIGN (UNOP)]: A-instructions/26-set_le.c:5:18
            <unop-dst>
                <operand> {kind=VAR, scope=BB}
                    <type> {kind=INT, uid=4, name=int, sizeof=4, item_cnt=0, is_unsigned=N}: (null):-1:-1
                    <operand-var> {uid=3, name=(none), artificial=Y, initialized=N}: A-instructions/26-set_le.c:5:18
            <unop-src>
                <operand> {kind=VAR, scope=BB}
                    <type> {kind=BOOL, uid=19, name=bool, sizeof=1, item_cnt=0, is_unsigned=Y}: (null):-1:-1
                    <operand-var> {uid=2, name=(none), artificial=Y, initialized=N}: A-instructions/26-set_le.c:5:18
A-instructions/26-set_le.c:5:18: debug: instruction: sp >>>
        ret.32      %r3
	debug: operand-pseudo: sp >>> cached >>> cl
        %r3
        <operand> {kind=VAR, scope=BB}
            <type> {kind=INT, uid=4, name=int, sizeof=4, item_cnt=0, is_unsigned=N}: (null):-1:-1
            <operand-var> {uid=3, name=(none), artificial=Y, initialized=N}: A-instructions/26-set_le.c:5:18
A-instructions/26-set_le.c:5:18: debug: instruction: cl <<<
        <instruction> [RET]: A-instructions/26-set_le.c:5:18
            <ret-src>
                <operand> {kind=VAR, scope=BB}
                    <type> {kind=INT, uid=4, name=int, sizeof=4, item_cnt=0, is_unsigned=N}: (null):-1:-1
                    <operand-var> {uid=3, name=(none), artificial=Y, initialized=N}: A-instructions/26-set_le.c:5:18
A-instructions/26-set_le.c:4:1: debug: function: end binop_int_zero

A-instructions/26-set_le.c:9:1: debug: operand-symbol: sp >>> binop_int_one
        {kind=node, initializer=N, scope=file}
int static [signed] [toplevel] binop_int_one( ... )
A-instructions/26-set_le.c:9:1: debug: operand-symbol: cl <<< binop_int_one
        <operand> {kind=CST, scope=STATIC}
            <type> {kind=FNC, uid=24, name=(none), sizeof=4, item_cnt=2, is_unsigned=N}: A-instructions/26-set_le.c:9:15
                <type-item> {name=(anonymous)}
                    <type> {kind=INT, uid=4, name=int, sizeof=4, item_cnt=0, is_unsigned=N}: (null):-1:-1
                <type-item> {name=a}
                    <type> {kind=INT, uid=4, name=int, sizeof=4, item_cnt=0, is_unsigned=N}: (null):-1:-1
            <constant-fnc> {name=binop_int_one, uid=2, extern=N}: A-instructions/26-set_le.c:9:1

A-instructions/26-set_le.c:9:1: debug: function: begin binop_int_one
	debug: function: argument 1
A-instructions/26-set_le.c:9:16: debug: operand-symbol: sp >>> a
        {kind=node, initializer=N, scope=unknown-toplevel:outer}
int [signed] a
A-instructions/26-set_le.c:9:16: debug: operand-symbol: cl <<< a
        <operand> {kind=VAR, scope=FUNCTION}
            <type> {kind=INT, uid=4, name=int, sizeof=4, item_cnt=0, is_unsigned=N}: (null):-1:-1
            <operand-var> {uid=4, name=a, artificial=N, initialized=N}: A-instructions/26-set_le.c:9:16
A-instructions/26-set_le.c:9:1: debug: instruction: cl <<<
        <instruction> [JMP]: A-instructions/26-set_le.c:9:1
            <jmp-label> [1]
	debug: basic-block: open [1]
A-instructions/26-set_le.c:9:1: debug: instruction: sp >>>
        <entry-point>
	debug: instruction: cl <<<
        (ignored)
A-instructions/26-set_le.c:11:18: debug: instruction: sp >>>
        setle.32    %r6 <- %arg1, $1
	debug: operand-pseudo: sp >>>
        %r6
	debug: operand-pseudo: cl <<<
        <operand> {kind=VAR, scope=BB}
            <type> {kind=BOOL, uid=19, name=bool, sizeof=1, item_cnt=0, is_unsigned=Y}: (null):-1:-1
            <operand-var> {uid=5, name=(none), artificial=Y, initialized=N}: A-instructions/26-set_le.c:11:18
	debug: operand-pseudo: sp >>> cached >>> cl
        %arg1
        <operand> {kind=VAR, scope=FUNCTION}
            <type> {kind=INT, uid=4, name=int, sizeof=4, item_cnt=0, is_unsigned=N}: (null):-1:-1
            <operand-var> {uid=4, name=a, artificial=N, initialized=N}: A-instructions/26-set_le.c:9:16
	debug: operand-pseudo: sp >>>
        $1
	debug: operand-pseudo: cl <<<
        <operand> {kind=CST, scope=GLOBAL}
            <type> {kind=INT, uid=4, name=int, sizeof=4, item_cnt=0, is_unsigned=N}: (null):-1:-1
            <constant-int> [1]
A-instructions/26-set_le.c:11:18: debug: instruction: cl <<<
        <instruction> [LE (BINOP)]: A-instructions/26-set_le.c:11:18
            <binop-dst>
                <operand> {kind=VAR, scope=BB}
                    <type> {kind=BOOL, uid=19, name=bool, sizeof=1, item_cnt=0, is_unsigned=Y}: (null):-1:-1
                    <operand-var> {uid=5, name=(none), artificial=Y, initialized=N}: A-instructions/26-set_le.c:11:18
            <binop-src1>
                <operand> {kind=VAR, scope=FUNCTION}
                    <type> {kind=INT, uid=4, name=int, sizeof=4, item_cnt=0, is_unsigned=N}: (null):-1:-1
                    <operand-var> {uid=4, name=a, artificial=N, initialized=N}: A-instructions/26-set_le.c:9:16
            <binop-src2>
                <operand> {kind=CST, scope=GLOBAL}
                    <type> {kind=INT, uid=4, name=int, sizeof=4, item_cnt=0, is_unsigned=N}: (null):-1:-1
                    <constant-int> [1]
A-instructions/26-set_le.c:11:18: debug: instruction: sp >>>
        cast.32     %r7 <- (1) %r6
	debug: operand-pseudo: sp >>>
        %r7
	debug: operand-pseudo: cl <<<
        <operand> {kind=VAR, scope=BB}
            <type> {kind=INT, uid=4, name=int, sizeof=4, item_cnt=0, is_unsigned=N}: (null):-1:-1
            <operand-var> {uid=6, name=(none), artificial=Y, initialized=N}: A-instructions/26-set_le.c:11:18
	debug: operand-pseudo: sp >>> cached >>> cl
        %r6
        <operand> {kind=VAR, scope=BB}
            <type> {kind=BOOL, uid=19, name=bool, sizeof=1, item_cnt=0, is_unsigned=Y}: (null):-1:-1
            <operand-var> {uid=5, name=(none), artificial=Y, initialized=N}: A-instructions/26-set_le.c:11:18
A-instructions/26-set_le.c:11:18: debug: instruction: cl <<<
        <instruction> [ASSIGN (UNOP)]: A-instructions/26-set_le.c:11:18
            <unop-dst>
                <operand> {kind=VAR, scope=BB}
                    <type> {kind=INT, uid=4, name=int, sizeof=4, item_cnt=0, is_unsigned=N}: (null):-1:-1
                    <operand-var> {uid=6, name=(none), artificial=Y, initialized=N}: A-instructions/26-set_le.c:11:18
            <unop-src>
                <operand> {kind=VAR, scope=BB}
                    <type> {kind=BOOL, uid=19, name=bool, sizeof=1, item_cnt=0, is_unsigned=Y}: (null):-1:-1
                    <operand-var> {uid=5, name=(none), artificial=Y, initialized=N}: A-instructions/26-set_le.c:11:18
A-instructions/26-set_le.c:11:18: debug: instruction: sp >>>
        ret.32      %r7
	debug: operand-pseudo: sp >>> cached >>> cl
        %r7
        <operand> {kind=VAR, scope=BB}
            <type> {kind=INT, uid=4, name=int, sizeof=4, item_cnt=0, is_unsigned=N}: (null):-1:-1
            <operand-var> {uid=6, name=(none), artificial=Y, initialized=N}: A-instructions/26-set_le.c:11:18
A-instructions/26-set_le.c:11:18: debug: instruction: cl <<<
        <instruction> [RET]: A-instructions/26-set_le.c:11:18
            <ret-src>
                <operand> {kind=VAR, scope=BB}
                    <type> {kind=INT, uid=4, name=int, sizeof=4, item_cnt=0, is_unsigned=N}: (null):-1:-1
                    <operand-var> {uid=6, name=(none), artificial=Y, initialized=N}: A-instructions/26-set_le.c:11:18
A-instructions/26-set_le.c:10:1: debug: function: end binop_int_one

A-instructions/26-set_le.c:15:1: debug: operand-symbol: sp >>> binop_bool_int_int
        {kind=node, initializer=N, scope=file}
bool static [unsigned] [toplevel] binop_bool_int_int( ... )
A-instructions/26-set_le.c:15:1: debug: operand-symbol: cl <<< binop_bool_int_int
        <operand> {kind=CST, scope=STATIC}
            <type> {kind=FNC, uid=25, name=(none), sizeof=1, item_cnt=3, is_unsigned=N}: A-instructions/26-set_le.c:15:20
                <type-item> {name=(anonymous)}
                    <type> {kind=BOOL, uid=19, name=bool, sizeof=1, item_cnt=0, is_unsigned=Y}: (null):-1:-1
                <type-item> {name=a}
                    <type> {kind=INT, uid=4, name=int, sizeof=4, item_cnt=0, is_unsigned=N}: (null):-1:-1
                <type-item> {name=b}
                    <type> {kind=INT, uid=4, name=int, sizeof=4, item_cnt=0, is_unsigned=N}: (null):-1:-1
            <constant-fnc> {name=binop_bool_int_int, uid=3, extern=N}: A-instructions/26-set_le.c:15:1

A-instructions/26-set_le.c:15:1: debug: function: begin binop_bool_int_int
	debug: function: argument 1
A-instructions/26-set_le.c:15:21: debug: operand-symbol: sp >>> a
        {kind=node, initializer=N, scope=unknown-toplevel:outer}
int [signed] a
A-instructions/26-set_le.c:15:21: debug: operand-symbol: cl <<< a
        <operand> {kind=VAR, scope=FUNCTION}
            <type> {kind=INT, uid=4, name=int, sizeof=4, item_cnt=0, is_unsigned=N}: (null):-1:-1
            <operand-var> {uid=7, name=a, artificial=N, initialized=N}: A-instructions/26-set_le.c:15:21
	debug: function: argument 2
A-instructions/26-set_le.c:15:28: debug: operand-symbol: sp >>> b
        {kind=node, initializer=N, scope=unknown-toplevel:outer}
int [signed] b
A-instructions/26-set_le.c:15:28: debug: operand-symbol: cl <<< b
        <operand> {kind=VAR, scope=FUNCTION}
            <type> {kind=INT, uid=4, name=int, sizeof=4, item_cnt=0, is_unsigned=N}: (null):-1:-1
            <operand-var> {uid=8, name=b, artificial=N, initialized=N}: A-instructions/26-set_le.c:15:28
A-instructions/26-set_le.c:15:1: debug: instruction: cl <<<
        <instruction> [JMP]: A-instructions/26-set_le.c:15:1
            <jmp-label> [1]
	debug: basic-block: open [1]
A-instructions/26-set_le.c:15:1: debug: instruction: sp >>>
        <entry-point>
	debug: instruction: cl <<<
        (ignored)
A-instructions/26-set_le.c:17:18: debug: instruction: sp >>>
        setle.32    %r11 <- %arg1, %arg2
	debug: operand-pseudo: sp >>>
        %r11
	debug: operand-pseudo: cl <<<
        <operand> {kind=VAR, scope=BB}
            <type> {kind=BOOL, uid=19, name=bool, sizeof=1, item_cnt=0, is_unsigned=Y}: (null):-1:-1
            <operand-var> {uid=9, name=(none), artificial=Y, initialized=N}: A-instructions/26-set_le.c:17:18
	debug: operand-pseudo: sp >>> cached >>> cl
        %arg1
        <operand> {kind=VAR, scope=FUNCTION}
            <type> {kind=INT, uid=4, name=int, sizeof=4, item_cnt=0, is_unsigned=N}: (null):-1:-1
            <operand-var> {uid=7, name=a, artificial=N, initialized=N}: A-instructions/26-set_le.c:15:21
	debug: operand-pseudo: sp >>> cached >>> cl
        %arg2
        <operand> {kind=VAR, scope=FUNCTION}
            <type> {kind=INT, uid=4, name=int, sizeof=4, item_cnt=0, is_unsigned=N}: (null):-1:-1
            <operand-var> {uid=8, name=b, artificial=N, initialized=N}: A-instructions/26-set_le.c:15:28
A-instructions/26-set_le.c:17:18: debug: instruction: cl <<<
        <instruction> [LE (BINOP)]: A-instructions/26-set_le.c:17:18
            <binop-dst>
                <operand> {kind=VAR, scope=BB}
                    <type> {kind=BOOL, uid=19, name=bool, sizeof=1, item_cnt=0, is_unsigned=Y}: (null):-1:-1
                    <operand-var> {uid=9, name=(none), artificial=Y, initialized=N}: A-instructions/26-set_le.c:17:18
            <binop-src1>
                <operand> {kind=VAR, scope=FUNCTION}
                    <type> {kind=INT, uid=4, name=int, sizeof=4, item_cnt=0, is_unsigned=N}: (null):-1:-1
                    <operand-var> {uid=7, name=a, artificial=N, initialized=N}: A-instructions/26-set_le.c:15:21
            <binop-src2>
                <operand> {kind=VAR, scope=FUNCTION}
                    <type> {kind=INT, uid=4, name=int, sizeof=4, item_cnt=0, is_unsigned=N}: (null):-1:-1
                    <operand-var> {uid=8, name=b, artificial=N, initialized=N}: A-instructions/26-set_le.c:15:28
A-instructions/26-set_le.c:17:18: debug: instruction: sp >>>
        ret.1       %r11
	debug: operand-pseudo: sp >>> cached >>> cl
        %r11
        <operand> {kind=VAR, scope=BB}
            <type> {kind=BOOL, uid=19, name=bool, sizeof=1, item_cnt=0, is_unsigned=Y}: (null):-1:-1
            <operand-var> {uid=9, name=(none), artificial=Y, initialized=N}: A-instructions/26-set_le.c:17:18
A-instructions/26-set_le.c:17:18: debug: instruction: cl <<<
        <instruction> [RET]: A-instructions/26-set_le.c:17:18
            <ret-src>
                <operand> {kind=VAR, scope=BB}
                    <type> {kind=BOOL, uid=19, name=bool, sizeof=1, item_cnt=0, is_unsigned=Y}: (null):-1:-1
                    <operand-var> {uid=9, name=(none), artificial=Y, initialized=N}: A-instructions/26-set_le.c:17:18
A-instructions/26-set_le.c:16:1: debug: function: end binop_bool_int_int

A-instructions/26-set_le.c:21:1: debug: operand-symbol: sp >>> binop_int_int_int
        {kind=node, initializer=N, scope=file}
int static [signed] [toplevel] binop_int_int_int( ... )
A-instructions/26-set_le.c:21:1: debug: operand-symbol: cl <<< binop_int_int_int
        <operand> {kind=CST, scope=STATIC}
            <type> {kind=FNC, uid=26, name=(none), sizeof=4, item_cnt=3, is_unsigned=N}: A-instructions/26-set_le.c:21:19
                <type-item> {name=(anonymous)}
                    <type> {kind=INT, uid=4, name=int, sizeof=4, item_cnt=0, is_unsigned=N}: (null):-1:-1
                <type-item> {name=a}
                    <type> {kind=INT, uid=4, name=int, sizeof=4, item_cnt=0, is_unsigned=N}: (null):-1:-1
                <type-item> {name=b}
                    <type> {kind=INT, uid=4, name=int, sizeof=4, item_cnt=0, is_unsigned=N}: (null):-1:-1
            <constant-fnc> {name=binop_int_int_int, uid=4, extern=N}: A-instructions/26-set_le.c:21:1

A-instructions/26-set_le.c:21:1: debug: function: begin binop_int_int_int
	debug: function: argument 1
A-instructions/26-set_le.c:21:20: debug: operand-symbol: sp >>> a
        {kind=node, initializer=N, scope=unknown-toplevel:outer}
int [signed] a
A-instructions/26-set_le.c:21:20: debug: operand-symbol: cl <<< a
        <operand> {kind=VAR, scope=FUNCTION}
            <type> {kind=INT, uid=4, name=int, sizeof=4, item_cnt=0, is_unsigned=N}: (null):-1:-1
            <operand-var> {uid=10, name=a, artificial=N, initialized=N}: A-instructions/26-set_le.c:21:20
	debug: function: argument 2
A-instructions/26-set_le.c:21:27: debug: operand-symbol: sp >>> b
        {kind=node, initializer=N, scope=unknown-toplevel:outer}
int [signed] b
A-instructions/26-set_le.c:21:27: debug: operand-symbol: cl <<< b
        <operand> {kind=VAR, scope=FUNCTION}
            <type> {kind=INT, uid=4, name=int, sizeof=4, item_cnt=0, is_unsigned=N}: (null):-1:-1
            <operand-var> {uid=11, name=b, artificial=N, initialized=N}: A-instructions/26-set_le.c:21:27
A-instructions/26-set_le.c:21:1: debug: instruction: cl <<<
        <instruction> [JMP]: A-instructions/26-set_le.c:21:1
            <jmp-label> [1]
	debug: basic-block: open [1]
A-instructions/26-set_le.c:21:1: debug: instruction: sp >>>
        <entry-point>
	debug: instruction: cl <<<
        (ignored)
A-instructions/26-set_le.c:23:18: debug: instruction: sp >>>
        setle.32    %r15 <- %arg1, %arg2
	debug: operand-pseudo: sp >>>
        %r15
	debug: operand-pseudo: cl <<<
        <operand> {kind=VAR, scope=BB}
            <type> {kind=BOOL, uid=19, name=bool, sizeof=1, item_cnt=0, is_unsigned=Y}: (null):-1:-1
            <operand-var> {uid=12, name=(none), artificial=Y, initialized=N}: A-instructions/26-set_le.c:23:18
	debug: operand-pseudo: sp >>> cached >>> cl
        %arg1
        <operand> {kind=VAR, scope=FUNCTION}
            <type> {kind=INT, uid=4, name=int, sizeof=4, item_cnt=0, is_unsigned=N}: (null):-1:-1
            <operand-var> {uid=10, name=a, artificial=N, initialized=N}: A-instructions/26-set_le.c:21:20
	debug: operand-pseudo: sp >>> cached >>> cl
        %arg2
        <operand> {kind=VAR, scope=FUNCTION}
            <type> {kind=INT, uid=4, name=int, sizeof=4, item_cnt=0, is_unsigned=N}: (null):-1:-1
            <operand-var> {uid=11, name=b, artificial=N, initialized=N}: A-instructions/26-set_le.c:21:27
A-instructions/26-set_le.c:23:18: debug: instruction: cl <<<
        <instruction> [LE (BINOP)]: A-instructions/26-set_le.c:23:18
            <binop-dst>
                <operand> {kind=VAR, scope=BB}
                    <type> {kind=BOOL, uid=19, name=bool, sizeof=1, item_cnt=0, is_unsigned=Y}: (null):-1:-1
                    <operand-var> {uid=12, name=(none), artificial=Y, initialized=N}: A-instructions/26-set_le.c:23:18
            <binop-src1>
                <operand> {kind=VAR, scope=FUNCTION}
                    <type> {kind=INT, uid=4, name=int, sizeof=4, item_cnt=0, is_unsigned=N}: (null):-1:-1
                    <operand-var> {uid=10, name=a, artificial=N, initialized=N}: A-instructions/26-set_le.c:21:20
            <binop-src2>
                <operand> {kind=VAR, scope=FUNCTION}
                    <type> {kind=INT, uid=4, name=int, sizeof=4, item_cnt=0, is_unsigned=N}: (null):-1:-1
                    <operand-var> {uid=11, name=b, artificial=N, initialized=N}: A-instructions/26-set_le.c:21:27
A-instructions/26-set_le.c:23:18: debug: instruction: sp >>>
        cast.32     %r16 <- (1) %r15
	debug: operand-pseudo: sp >>>
        %r16
	debug: operand-pseudo: cl <<<
        <operand> {kind=VAR, scope=BB}
            <type> {kind=INT, uid=4, name=int, sizeof=4, item_cnt=0, is_unsigned=N}: (null):-1:-1
            <operand-var> {uid=13, name=(none), artificial=Y, initialized=N}: A-instructions/26-set_le.c:23:18
	debug: operand-pseudo: sp >>> cached >>> cl
        %r15
        <operand> {kind=VAR, scope=BB}
            <type> {kind=BOOL, uid=19, name=bool, sizeof=1, item_cnt=0, is_unsigned=Y}: (null):-1:-1
            <operand-var> {uid=12, name=(none), artificial=Y, initialized=N}: A-instructions/26-set_le.c:23:18
A-instructions/26-set_le.c:23:18: debug: instruction: cl <<<
        <instruction> [ASSIGN (UNOP)]: A-instructions/26-set_le.c:23:18
            <unop-dst>
                <operand> {kind=VAR, scope=BB}
                    <type> {kind=INT, uid=4, name=int, sizeof=4, item_cnt=0, is_unsigned=N}: (null):-1:-1
                    <operand-var> {uid=13, name=(none), artificial=Y, initialized=N}: A-instructions/26-set_le.c:23:18
            <unop-src>
                <operand> {kind=VAR, scope=BB}
                    <type> {kind=BOOL, uid=19, name=bool, sizeof=1, item_cnt=0, is_unsigned=Y}: (null):-1:-1
                    <operand-var> {uid=12, name=(none), artificial=Y, initialized=N}: A-instructions/26-set_le.c:23:18
A-instructions/26-set_le.c:23:18: debug: instruction: sp >>>
        ret.32      %r16
	debug: operand-pseudo: sp >>> cached >>> cl
        %r16
        <operand> {kind=VAR, scope=BB}
            <type> {kind=INT, uid=4, name=int, sizeof=4, item_cnt=0, is_unsigned=N}: (null):-1:-1
            <operand-var> {uid=13, name=(none), artificial=Y, initialized=N}: A-instructions/26-set_le.c:23:18
A-instructions/26-set_le.c:23:18: debug: instruction: cl <<<
        <instruction> [RET]: A-instructions/26-set_le.c:23:18
            <ret-src>
                <operand> {kind=VAR, scope=BB}
                    <type> {kind=INT, uid=4, name=int, sizeof=4, item_cnt=0, is_unsigned=N}: (null):-1:-1
                    <operand-var> {uid=13, name=(none), artificial=Y, initialized=N}: A-instructions/26-set_le.c:23:18
A-instructions/26-set_le.c:22:1: debug: function: end binop_int_int_int

A-instructions/26-set_le.c:27:1: debug: operand-symbol: sp >>> binop_bool_double_double
        {kind=node, initializer=N, scope=file}
bool static [unsigned] [toplevel] binop_bool_double_double( ... )
A-instructions/26-set_le.c:27:1: debug: operand-symbol: cl <<< binop_bool_double_double
        <operand> {kind=CST, scope=STATIC}
            <type> {kind=FNC, uid=27, name=(none), sizeof=1, item_cnt=3, is_unsigned=N}: A-instructions/26-set_le.c:27:26
                <type-item> {name=(anonymous)}
                    <type> {kind=BOOL, uid=19, name=bool, sizeof=1, item_cnt=0, is_unsigned=Y}: (null):-1:-1
                <type-item> {name=a}
                    <type> {kind=REAL, uid=21, name=double, sizeof=8, item_cnt=0, is_unsigned=N}: (null):-1:-1
                <type-item> {name=b}
                    <type> {kind=REAL, uid=21, name=double, sizeof=8, item_cnt=0, is_unsigned=N}: (null):-1:-1
            <constant-fnc> {name=binop_bool_double_double, uid=5, extern=N}: A-instructions/26-set_le.c:27:1

A-instructions/26-set_le.c:27:1: debug: function: begin binop_bool_double_double
	debug: function: argument 1
A-instructions/26-set_le.c:27:27: debug: operand-symbol: sp >>> a
        {kind=node, initializer=N, scope=unknown-toplevel:outer}
double a
A-instructions/26-set_le.c:27:27: debug: operand-symbol: cl <<< a
        <operand> {kind=VAR, scope=FUNCTION}
            <type> {kind=REAL, uid=21, name=double, sizeof=8, item_cnt=0, is_unsigned=N}: (null):-1:-1
            <operand-var> {uid=14, name=a, artificial=N, initialized=N}: A-instructions/26-set_le.c:27:27
	debug: function: argument 2
A-instructions/26-set_le.c:27:37: debug: operand-symbol: sp >>> b
        {kind=node, initializer=N, scope=unknown-toplevel:outer}
double b
A-instructions/26-set_le.c:27:37: debug: operand-symbol: cl <<< b
        <operand> {kind=VAR, scope=FUNCTION}
            <type> {kind=REAL, uid=21, name=double, sizeof=8, item_cnt=0, is_unsigned=N}: (null):-1:-1
            <operand-var> {uid=15, name=b, artificial=N, initialized=N}: A-instructions/26-set_le.c:27:37
A-instructions/26-set_le.c:27:1: debug: instruction: cl <<<
        <instruction> [JMP]: A-instructions/26-set_le.c:27:1
            <jmp-label> [1]
	debug: basic-block: open [1]
A-instructions/26-set_le.c:27:1: debug: instruction: sp >>>
        <entry-point>
	debug: instruction: cl <<<
        (ignored)
A-instructions/26-set_le.c:29:18: debug: instruction: sp >>>
        setle.64    %r20 <- %arg1, %arg2
	debug: operand-pseudo: sp >>>
        %r20
	debug: operand-pseudo: cl <<<
        <operand> {kind=VAR, scope=BB}
            <type> {kind=BOOL, uid=19, name=bool, sizeof=1, item_cnt=0, is_unsigned=Y}: (null):-1:-1
            <operand-var> {uid=16, name=(none), artificial=Y, initialized=N}: A-instructions/26-set_le.c:29:18
	debug: operand-pseudo: sp >>> cached >>> cl
        %arg1
        <operand> {kind=VAR, scope=FUNCTION}
            <type> {kind=REAL, uid=21, name=double, sizeof=8, item_cnt=0, is_unsigned=N}: (null):-1:-1
            <operand-var> {uid=14, name=a, artificial=N, initialized=N}: A-instructions/26-set_le.c:27:27
	debug: operand-pseudo: sp >>> cached >>> cl
        %arg2
        <operand> {kind=VAR, scope=FUNCTION}
            <type> {kind=REAL, uid=21, name=double, sizeof=8, item_cnt=0, is_unsigned=N}: (null):-1:-1
            <operand-var> {uid=15, name=b, artificial=N, initialized=N}: A-instructions/26-set_le.c:27:37
A-instructions/26-set_le.c:29:18: debug: instruction: cl <<<
        <instruction> [LE (BINOP)]: A-instructions/26-set_le.c:29:18
            <binop-dst>
                <operand> {kind=VAR, scope=BB}
                    <type> {kind=BOOL, uid=19, name=bool, sizeof=1, item_cnt=0, is_unsigned=Y}: (null):-1:-1
                    <operand-var> {uid=16, name=(none), artificial=Y, initialized=N}: A-instructions/26-set_le.c:29:18
            <binop-src1>
                <operand> {kind=VAR, scope=FUNCTION}
                    <type> {kind=REAL, uid=21, name=double, sizeof=8, item_cnt=0, is_unsigned=N}: (null):-1:-1
                    <operand-var> {uid=14, name=a, artificial=N, initialized=N}: A-instructions/26-set_le.c:27:27
            <binop-src2>
                <operand> {kind=VAR, scope=FUNCTION}
                    <type> {kind=REAL, uid=21, name=double, sizeof=8, item_cnt=0, is_unsigned=N}: (null):-1:-1
                    <operand-var> {uid=15, name=b, artificial=N, initialized=N}: A-instructions/26-set_le.c:27:37
A-instructions/26-set_le.c:29:18: debug: instruction: sp >>>
        ret.1       %r20
	debug: operand-pseudo: sp >>> cached >>> cl
        %r20
        <operand> {kind=VAR, scope=BB}
            <type> {kind=BOOL, uid=19, name=bool, sizeof=1, item_cnt=0, is_unsigned=Y}: (null):-1:-1
            <operand-var> {uid=16, name=(none), artificial=Y, initialized=N}: A-instructions/26-set_le.c:29:18
A-instructions/26-set_le.c:29:18: debug: instruction: cl <<<
        <instruction> [RET]: A-instructions/26-set_le.c:29:18
            <ret-src>
                <operand> {kind=VAR, scope=BB}
                    <type> {kind=BOOL, uid=19, name=bool, sizeof=1, item_cnt=0, is_unsigned=Y}: (null):-1:-1
                    <operand-var> {uid=16, name=(none), artificial=Y, initialized=N}: A-instructions/26-set_le.c:29:18
A-instructions/26-set_le.c:28:1: debug: function: end binop_bool_double_double

A-instructions/26-set_le.c:28:1: debug: file: end (last symbol)

