A-instructions/40-load.c:2:12: debug: file: begin (first symbol)
A-instructions/40-load.c:6:1: debug: operand-symbol: sp >>> load_from_sym
        {kind=node, initializer=N, scope=file}
int static [signed] [toplevel] load_from_sym( ... )
A-instructions/40-load.c:6:1: debug: operand-symbol: cl <<< load_from_sym
        <operand> {kind=CST, scope=STATIC}
            <type> {kind=FNC, uid=23, name=(none), sizeof=4, item_cnt=2, is_unsigned=N}: A-instructions/40-load.c:6:15
                <type-item> {name=(anonymous)}
                    <type> {kind=INT, uid=4, name=int, sizeof=4, item_cnt=0, is_unsigned=N}: (null):-1:-1
                <type-item> {name=arg}
                    <type> {kind=INT, uid=4, name=int, sizeof=4, item_cnt=0, is_unsigned=N}: (null):-1:-1
            <constant-fnc> {name=load_from_sym, uid=1, extern=N}: A-instructions/40-load.c:6:1
A-instructions/40-load.c:6:1: debug: function: begin load_from_sym
	debug: function: argument 1
A-instructions/40-load.c:6:16: debug: operand-symbol: sp >>> arg
        {kind=node, initializer=N, scope=unknown-toplevel:outer}
int [signed] arg
A-instructions/40-load.c:6:16: debug: operand-symbol: cl <<< arg
        <operand> {kind=VAR, scope=FUNCTION}
            <type> {kind=INT, uid=4, name=int, sizeof=4, item_cnt=0, is_unsigned=N}: (null):-1:-1
            <operand-var> {uid=1, name=arg, artificial=N, initialized=N}: A-instructions/40-load.c:6:16
A-instructions/40-load.c:6:1: debug: instruction: cl <<<
        <instruction> [JMP]: A-instructions/40-load.c:6:1
            <jmp-label> [1]
	debug: basic-block: open [1]
A-instructions/40-load.c:6:1: debug: instruction: sp >>>
        <entry-point>
	debug: instruction: cl <<<
        (ignored)
A-instructions/40-load.c:8:10: debug: instruction: sp >>>
        load.32     %r1 <- 0[i]
	debug: operand-pseudo: sp >>>
        %r1
	debug: operand-pseudo: cl <<<
        <operand> {kind=VAR, scope=BB}
            <type> {kind=INT, uid=4, name=int, sizeof=4, item_cnt=0, is_unsigned=N}: (null):-1:-1
            <operand-var> {uid=2, name=(none), artificial=Y, initialized=N}: A-instructions/40-load.c:8:10
A-instructions/40-load.c:2:12: debug: operand-symbol: sp >>> i
        {kind=node, initializer=N, scope=file}
int static [signed] [toplevel] i
A-instructions/40-load.c:2:12: debug: operand-symbol: cl <<< i
        <operand> {kind=VAR, scope=STATIC}
            <type> {kind=INT, uid=4, name=int, sizeof=4, item_cnt=0, is_unsigned=N}: (null):-1:-1
            <operand-var> {uid=3, name=i, artificial=N, initialized=N}: A-instructions/40-load.c:2:12
A-instructions/40-load.c:8:10: debug: instruction: cl <<<
        <instruction> [ASSIGN (UNOP)]: A-instructions/40-load.c:8:10
            <unop-dst>
                <operand> {kind=VAR, scope=BB}
                    <type> {kind=INT, uid=4, name=int, sizeof=4, item_cnt=0, is_unsigned=N}: (null):-1:-1
                    <operand-var> {uid=2, name=(none), artificial=Y, initialized=N}: A-instructions/40-load.c:8:10
            <unop-src>
                <operand> {kind=VAR, scope=STATIC}
                    <type> {kind=INT, uid=4, name=int, sizeof=4, item_cnt=0, is_unsigned=N}: (null):-1:-1
                    <operand-var> {uid=3, name=i, artificial=N, initialized=N}: A-instructions/40-load.c:2:12
A-instructions/40-load.c:8:10: debug: instruction: sp >>>
        ret.32      %r1
	debug: operand-pseudo: sp >>> cached >>> cl
        %r1
        <operand> {kind=VAR, scope=BB}
            <type> {kind=INT, uid=4, name=int, sizeof=4, item_cnt=0, is_unsigned=N}: (null):-1:-1
            <operand-var> {uid=2, name=(none), artificial=Y, initialized=N}: A-instructions/40-load.c:8:10
A-instructions/40-load.c:8:10: debug: instruction: cl <<<
        <instruction> [RET]: A-instructions/40-load.c:8:10
            <ret-src>
                <operand> {kind=VAR, scope=BB}
                    <type> {kind=INT, uid=4, name=int, sizeof=4, item_cnt=0, is_unsigned=N}: (null):-1:-1
                    <operand-var> {uid=2, name=(none), artificial=Y, initialized=N}: A-instructions/40-load.c:8:10
A-instructions/40-load.c:7:1: debug: function: end load_from_sym
A-instructions/40-load.c:12:1: debug: operand-symbol: sp >>> load_from_arg
        {kind=node, initializer=N, scope=file}
int static [signed] [toplevel] load_from_arg( ... )
A-instructions/40-load.c:12:1: debug: operand-symbol: cl <<< load_from_arg
        <operand> {kind=CST, scope=STATIC}
            <type> {kind=FNC, uid=24, name=(none), sizeof=4, item_cnt=2, is_unsigned=N}: A-instructions/40-load.c:12:15
                <type-item> {name=(anonymous)}
                    <type> {kind=INT, uid=4, name=int, sizeof=4, item_cnt=0, is_unsigned=N}: (null):-1:-1
                <type-item> {name=arg}
                    <type> {kind=PTR, uid=25, name=(none), sizeof=8, item_cnt=1, is_unsigned=N}: A-instructions/40-load.c:12:20
                        <type-item> {name=(anonymous)}
                            <type> {kind=INT, uid=4, name=int, sizeof=4, item_cnt=0, is_unsigned=N}: (null):-1:-1
            <constant-fnc> {name=load_from_arg, uid=2, extern=N}: A-instructions/40-load.c:12:1
A-instructions/40-load.c:12:1: debug: function: begin load_from_arg
	debug: function: argument 1
A-instructions/40-load.c:12:16: debug: operand-symbol: sp >>> arg
        {kind=node, initializer=N, scope=unknown-toplevel:outer}
int *arg
A-instructions/40-load.c:12:16: debug: operand-symbol: cl <<< arg
        <operand> {kind=VAR, scope=FUNCTION}
            <type> {kind=PTR, uid=25, name=(none), sizeof=8, item_cnt=1, is_unsigned=N}: A-instructions/40-load.c:12:20
                <type-item> {name=(anonymous)}
                    <type> {kind=INT, uid=4, name=int, sizeof=4, item_cnt=0, is_unsigned=N}: (null):-1:-1
            <operand-var> {uid=4, name=arg, artificial=N, initialized=N}: A-instructions/40-load.c:12:16
A-instructions/40-load.c:12:1: debug: instruction: cl <<<
        <instruction> [JMP]: A-instructions/40-load.c:12:1
            <jmp-label> [1]
	debug: basic-block: open [1]
A-instructions/40-load.c:12:1: debug: instruction: sp >>>
        <entry-point>
	debug: instruction: cl <<<
        (ignored)
A-instructions/40-load.c:14:10: debug: instruction: sp >>>
        load.32     %r4 <- 4[%arg1]
	debug: operand-pseudo: sp >>>
        %r4
	debug: operand-pseudo: cl <<<
        <operand> {kind=VAR, scope=BB}
            <type> {kind=INT, uid=4, name=int, sizeof=4, item_cnt=0, is_unsigned=N}: (null):-1:-1
            <operand-var> {uid=5, name=(none), artificial=Y, initialized=N}: A-instructions/40-load.c:14:10
	debug: operand-pseudo: sp >>> cached >>> cl
        %arg1
        <operand> {kind=VAR, scope=FUNCTION}
            <type> {kind=PTR, uid=25, name=(none), sizeof=8, item_cnt=1, is_unsigned=N}: A-instructions/40-load.c:12:20
                <type-item> {name=(anonymous)}
                    <type> {kind=INT, uid=4, name=int, sizeof=4, item_cnt=0, is_unsigned=N}: (null):-1:-1
            <operand-var> {uid=4, name=arg, artificial=N, initialized=N}: A-instructions/40-load.c:12:16
A-instructions/40-load.c:14:10: debug: instruction: cl <<<
        <instruction> [ASSIGN (UNOP)]: A-instructions/40-load.c:14:10
            <unop-dst>
                <operand> {kind=VAR, scope=BB}
                    <type> {kind=INT, uid=4, name=int, sizeof=4, item_cnt=0, is_unsigned=N}: (null):-1:-1
                    <operand-var> {uid=5, name=(none), artificial=Y, initialized=N}: A-instructions/40-load.c:14:10
            <unop-src>
                <operand> {kind=VAR, scope=FUNCTION}
                    <type> {kind=INT, uid=4, name=int, sizeof=4, item_cnt=0, is_unsigned=N}: (null):-1:-1
                    <accessor> {kind=DEREF_ARRAY}
                        <type> {kind=PTR, uid=25, name=(none), sizeof=8, item_cnt=1, is_unsigned=N}: A-instructions/40-load.c:12:20
                            <type-item> {name=(anonymous)}
                                <type> {kind=INT, uid=4, name=int, sizeof=4, item_cnt=0, is_unsigned=N}: (null):-1:-1
                        <array-index>
                            <operand> {kind=CST, scope=GLOBAL}
                                <type> {kind=INT, uid=4, name=int, sizeof=4, item_cnt=0, is_unsigned=N}: (null):-1:-1
                                <constant-int> [1]
                    <operand-var> {uid=4, name=arg, artificial=N, initialized=N}: A-instructions/40-load.c:12:16
A-instructions/40-load.c:14:10: debug: instruction: sp >>>
        ret.32      %r4
	debug: operand-pseudo: sp >>> cached >>> cl
        %r4
        <operand> {kind=VAR, scope=BB}
            <type> {kind=INT, uid=4, name=int, sizeof=4, item_cnt=0, is_unsigned=N}: (null):-1:-1
            <operand-var> {uid=5, name=(none), artificial=Y, initialized=N}: A-instructions/40-load.c:14:10
A-instructions/40-load.c:14:10: debug: instruction: cl <<<
        <instruction> [RET]: A-instructions/40-load.c:14:10
            <ret-src>
                <operand> {kind=VAR, scope=BB}
                    <type> {kind=INT, uid=4, name=int, sizeof=4, item_cnt=0, is_unsigned=N}: (null):-1:-1
                    <operand-var> {uid=5, name=(none), artificial=Y, initialized=N}: A-instructions/40-load.c:14:10
A-instructions/40-load.c:13:1: debug: function: end load_from_arg
A-instructions/40-load.c:18:1: debug: operand-symbol: sp >>> load_from_reg
        {kind=node, initializer=N, scope=file}
int static [signed] [toplevel] load_from_reg( ... )
A-instructions/40-load.c:18:1: debug: operand-symbol: cl <<< load_from_reg
        <operand> {kind=CST, scope=STATIC}
            <type> {kind=FNC, uid=26, name=(none), sizeof=4, item_cnt=2, is_unsigned=N}: A-instructions/40-load.c:18:15
                <type-item> {name=(anonymous)}
                    <type> {kind=INT, uid=4, name=int, sizeof=4, item_cnt=0, is_unsigned=N}: (null):-1:-1
                <type-item> {name=arg}
                    <type> {kind=INT, uid=4, name=int, sizeof=4, item_cnt=0, is_unsigned=N}: (null):-1:-1
            <constant-fnc> {name=load_from_reg, uid=3, extern=N}: A-instructions/40-load.c:18:1
A-instructions/40-load.c:18:1: debug: function: begin load_from_reg
	debug: function: argument 1
A-instructions/40-load.c:18:16: debug: operand-symbol: sp >>> arg
        {kind=node, initializer=N, scope=unknown-toplevel:outer}
int [signed] arg
A-instructions/40-load.c:18:16: debug: operand-symbol: cl <<< arg
        <operand> {kind=VAR, scope=FUNCTION}
            <type> {kind=INT, uid=4, name=int, sizeof=4, item_cnt=0, is_unsigned=N}: (null):-1:-1
            <operand-var> {uid=6, name=arg, artificial=N, initialized=N}: A-instructions/40-load.c:18:16
A-instructions/40-load.c:18:1: debug: instruction: cl <<<
        <instruction> [JMP]: A-instructions/40-load.c:18:1
            <jmp-label> [1]
	debug: basic-block: open [1]
A-instructions/40-load.c:18:1: debug: instruction: sp >>>
        <entry-point>
	debug: instruction: cl <<<
        (ignored)
A-instructions/40-load.c:20:12: debug: instruction: sp >>>
        scast.64    %r8 <- (32) %arg1
	debug: operand-pseudo: sp >>>
        %r8
	debug: operand-pseudo: cl <<<
        <operand> {kind=VAR, scope=BB}
            <type> {kind=INT, uid=10, name=long, sizeof=8, item_cnt=0, is_unsigned=N}: (null):-1:-1
            <operand-var> {uid=7, name=(none), artificial=Y, initialized=N}: A-instructions/40-load.c:20:12
	debug: operand-pseudo: sp >>> cached >>> cl
        %arg1
        <operand> {kind=VAR, scope=FUNCTION}
            <type> {kind=INT, uid=4, name=int, sizeof=4, item_cnt=0, is_unsigned=N}: (null):-1:-1
            <operand-var> {uid=6, name=arg, artificial=N, initialized=N}: A-instructions/40-load.c:18:16
A-instructions/40-load.c:20:12: debug: instruction: cl <<<
        <instruction> [ASSIGN (UNOP)]: A-instructions/40-load.c:20:12
            <unop-dst>
                <operand> {kind=VAR, scope=BB}
                    <type> {kind=INT, uid=10, name=long, sizeof=8, item_cnt=0, is_unsigned=N}: (null):-1:-1
                    <operand-var> {uid=7, name=(none), artificial=Y, initialized=N}: A-instructions/40-load.c:20:12
            <unop-src>
                <operand> {kind=VAR, scope=FUNCTION}
                    <type> {kind=INT, uid=4, name=int, sizeof=4, item_cnt=0, is_unsigned=N}: (null):-1:-1
                    <operand-var> {uid=6, name=arg, artificial=N, initialized=N}: A-instructions/40-load.c:18:16
A-instructions/40-load.c:20:11: debug: instruction: sp >>>
        muls.64     %r9 <- %r8, $4
	debug: operand-pseudo: sp >>>
        %r9
	debug: operand-pseudo: cl <<<
        <operand> {kind=VAR, scope=BB}
            <type> {kind=INT, uid=10, name=long, sizeof=8, item_cnt=0, is_unsigned=N}: (null):-1:-1
            <operand-var> {uid=8, name=(none), artificial=Y, initialized=N}: A-instructions/40-load.c:20:11
	debug: operand-pseudo: sp >>> cached >>> cl
        %r8
        <operand> {kind=VAR, scope=BB}
            <type> {kind=INT, uid=10, name=long, sizeof=8, item_cnt=0, is_unsigned=N}: (null):-1:-1
            <operand-var> {uid=7, name=(none), artificial=Y, initialized=N}: A-instructions/40-load.c:20:12
	debug: operand-pseudo: sp >>>
        $4
	debug: operand-pseudo: cl <<<
        <operand> {kind=CST, scope=GLOBAL}
            <type> {kind=INT, uid=4, name=int, sizeof=4, item_cnt=0, is_unsigned=N}: (null):-1:-1
            <constant-int> [4]
A-instructions/40-load.c:20:11: debug: instruction: cl <<<
        <instruction> [MULT (BINOP)]: A-instructions/40-load.c:20:11
            <binop-dst>
                <operand> {kind=VAR, scope=BB}
                    <type> {kind=INT, uid=10, name=long, sizeof=8, item_cnt=0, is_unsigned=N}: (null):-1:-1
                    <operand-var> {uid=8, name=(none), artificial=Y, initialized=N}: A-instructions/40-load.c:20:11
            <binop-src1>
                <operand> {kind=VAR, scope=BB}
                    <type> {kind=INT, uid=10, name=long, sizeof=8, item_cnt=0, is_unsigned=N}: (null):-1:-1
                    <operand-var> {uid=7, name=(none), artificial=Y, initialized=N}: A-instructions/40-load.c:20:12
            <binop-src2>
                <operand> {kind=CST, scope=GLOBAL}
                    <type> {kind=INT, uid=4, name=int, sizeof=4, item_cnt=0, is_unsigned=N}: (null):-1:-1
                    <constant-int> [4]
A-instructions/40-load.c:20:11: debug: instruction: sp >>>
        add.64      %r10 <- %r9, j
	debug: operand-pseudo: sp >>>
        %r10
	debug: operand-pseudo: cl <<<
        <operand> {kind=VAR, scope=BB}
            <type> {kind=PTR, uid=25, name=(none), sizeof=8, item_cnt=1, is_unsigned=N}: A-instructions/40-load.c:12:20
                <type-item> {name=(anonymous)}
                    <type> {kind=INT, uid=4, name=int, sizeof=4, item_cnt=0, is_unsigned=N}: (null):-1:-1
            <operand-var> {uid=9, name=(none), artificial=Y, initialized=N}: A-instructions/40-load.c:20:11
	debug: operand-pseudo: sp >>> cached >>> cl
        %r9
        <operand> {kind=VAR, scope=BB}
            <type> {kind=INT, uid=10, name=long, sizeof=8, item_cnt=0, is_unsigned=N}: (null):-1:-1
            <operand-var> {uid=8, name=(none), artificial=Y, initialized=N}: A-instructions/40-load.c:20:11
A-instructions/40-load.c:3:12: debug: operand-symbol: sp >>> j
        {kind=node, initializer=Y, scope=file}
int static [toplevel] j[0]
 = 
	movi.32		v1,$0
	insert v1 at [0:0] of j
	movi.32		v2,$1
	insert v2 at [4:0] of j
	debug: initializer: sp >>>
	movi.32		v3,$0
	insert v3 at [0:0] of j
	movi.32		v4,$1
	insert v4 at [4:0] of j
	debug: initializer-expression: start
	debug: initializer-expression: sp >>>
                store.32    $0 -> 0[j]
A-instructions/40-load.c:3:12: debug: operand-symbol: sp >>> j
                        {kind=node, initializer=Y, scope=file}
int static [toplevel] j[0]
 = 
	movi.32		v5,$0
	insert v5 at [0:0] of j
	movi.32		v6,$1
	insert v6 at [4:0] of j
	debug: initializer: sp >>>
	movi.32		v7,$0
	insert v7 at [0:0] of j
	movi.32		v8,$1
	insert v8 at [4:0] of j
	debug: initializer-expression: start
	debug: initializer-expression: sp >>>
                                symaddr.64  %r14 <- j
	debug: initializer-expression: cl <<<
                                (ignored)
	debug: initializer-expression: stop
A-instructions/40-load.c:3:12: debug: operand-symbol: cl <<< j
                        <operand> {kind=VAR, scope=STATIC}
                            <type> {kind=ARRAY, uid=27, name=(none), sizeof=8, item_cnt=1, is_unsigned=N}: A-instructions/40-load.c:3:13
                                <type-item> {name=(anonymous)}
                                    <type> {kind=INT, uid=4, name=int, sizeof=4, item_cnt=0, is_unsigned=N}: (null):-1:-1
                            <operand-var> {uid=11, name=j, artificial=N, initialized=N}: A-instructions/40-load.c:3:12
	debug: operand-pseudo: sp >>>
                        $0
	debug: operand-pseudo: cl <<<
                        <operand> {kind=CST, scope=GLOBAL}
                            <type> {kind=INT, uid=4, name=int, sizeof=4, item_cnt=0, is_unsigned=N}: (null):-1:-1
                            <constant-int> [0]
	debug: initializer-expression: cl <<<
                <instruction> [ASSIGN (UNOP)]: A-instructions/40-load.c:3:20
                    <unop-dst>
                        <operand> {kind=VAR, scope=STATIC}
                            <type> {kind=INT, uid=4, name=int, sizeof=4, item_cnt=0, is_unsigned=N}: (null):-1:-1
                            <accessor> {kind=DEREF_ARRAY}
                                <type> {kind=ARRAY, uid=27, name=(none), sizeof=8, item_cnt=1, is_unsigned=N}: A-instructions/40-load.c:3:13
                                    <type-item> {name=(anonymous)}
                                        <type> {kind=INT, uid=4, name=int, sizeof=4, item_cnt=0, is_unsigned=N}: (null):-1:-1
                                <array-index>
                                    <operand> {kind=CST, scope=GLOBAL}
                                        <type> {kind=INT, uid=4, name=int, sizeof=4, item_cnt=0, is_unsigned=N}: (null):-1:-1
                                        <constant-int> [0]
                            <operand-var> {uid=11, name=j, artificial=N, initialized=N}: A-instructions/40-load.c:3:12
                    <unop-src>
                        <operand> {kind=CST, scope=GLOBAL}
                            <type> {kind=INT, uid=4, name=int, sizeof=4, item_cnt=0, is_unsigned=N}: (null):-1:-1
                            <constant-int> [0]
	debug: initializer-expression: sp >>>
                store.32    $1 -> 4[j]
	debug: operand-pseudo: sp >>> cached >>> cl
                        j
                        <operand> {kind=VAR, scope=STATIC}
                            <type> {kind=ARRAY, uid=27, name=(none), sizeof=8, item_cnt=1, is_unsigned=N}: A-instructions/40-load.c:3:13
                                <type-item> {name=(anonymous)}
                                    <type> {kind=INT, uid=4, name=int, sizeof=4, item_cnt=0, is_unsigned=N}: (null):-1:-1
                            <operand-var> {uid=11, name=j, artificial=N, initialized=N}: A-instructions/40-load.c:3:12
	debug: operand-pseudo: sp >>>
                        $1
	debug: operand-pseudo: cl <<<
                        <operand> {kind=CST, scope=GLOBAL}
                            <type> {kind=INT, uid=4, name=int, sizeof=4, item_cnt=0, is_unsigned=N}: (null):-1:-1
                            <constant-int> [1]
	debug: initializer-expression: cl <<<
                <instruction> [ASSIGN (UNOP)]: A-instructions/40-load.c:3:23
                    <unop-dst>
                        <operand> {kind=VAR, scope=STATIC}
                            <type> {kind=INT, uid=4, name=int, sizeof=4, item_cnt=0, is_unsigned=N}: (null):-1:-1
                            <accessor> {kind=DEREF_ARRAY}
                                <type> {kind=ARRAY, uid=27, name=(none), sizeof=8, item_cnt=1, is_unsigned=N}: A-instructions/40-load.c:3:13
                                    <type-item> {name=(anonymous)}
                                        <type> {kind=INT, uid=4, name=int, sizeof=4, item_cnt=0, is_unsigned=N}: (null):-1:-1
                                <array-index>
                                    <operand> {kind=CST, scope=GLOBAL}
                                        <type> {kind=INT, uid=4, name=int, sizeof=4, item_cnt=0, is_unsigned=N}: (null):-1:-1
                                        <constant-int> [1]
                            <operand-var> {uid=11, name=j, artificial=N, initialized=N}: A-instructions/40-load.c:3:12
                    <unop-src>
                        <operand> {kind=CST, scope=GLOBAL}
                            <type> {kind=INT, uid=4, name=int, sizeof=4, item_cnt=0, is_unsigned=N}: (null):-1:-1
                            <constant-int> [1]
	debug: initializer-expression: sp >>>
                symaddr.64  %r13 <- j
	debug: initializer-expression: cl <<<
                (ignored)
	debug: initializer-expression: stop
A-instructions/40-load.c:3:12: debug: operand-symbol: cl <<< j
        <operand> {kind=VAR, scope=STATIC}
            <type> {kind=ARRAY, uid=27, name=(none), sizeof=8, item_cnt=1, is_unsigned=N}: A-instructions/40-load.c:3:13
                <type-item> {name=(anonymous)}
                    <type> {kind=INT, uid=4, name=int, sizeof=4, item_cnt=0, is_unsigned=N}: (null):-1:-1
            <operand-var> {uid=10, name=j, artificial=N, initialized=N}: A-instructions/40-load.c:3:12
                <initializer>
                    <instruction> [ASSIGN (UNOP)]: A-instructions/40-load.c:3:20
                        <unop-dst>
                            <operand> {kind=VAR, scope=STATIC}
                                <type> {kind=INT, uid=4, name=int, sizeof=4, item_cnt=0, is_unsigned=N}: (null):-1:-1
                                <accessor> {kind=DEREF_ARRAY}
                                    <type> {kind=ARRAY, uid=27, name=(none), sizeof=8, item_cnt=1, is_unsigned=N}: A-instructions/40-load.c:3:13
                                        <type-item> {name=(anonymous)}
                                            <type> {kind=INT, uid=4, name=int, sizeof=4, item_cnt=0, is_unsigned=N}: (null):-1:-1
                                    <array-index>
                                        <operand> {kind=CST, scope=GLOBAL}
                                            <type> {kind=INT, uid=4, name=int, sizeof=4, item_cnt=0, is_unsigned=N}: (null):-1:-1
                                            <constant-int> [0]
                                <operand-var> {uid=11, name=j, artificial=N, initialized=N}: A-instructions/40-load.c:3:12
                        <unop-src>
                            <operand> {kind=CST, scope=GLOBAL}
                                <type> {kind=INT, uid=4, name=int, sizeof=4, item_cnt=0, is_unsigned=N}: (null):-1:-1
                                <constant-int> [0]
                    <instruction> [ASSIGN (UNOP)]: A-instructions/40-load.c:3:23
                        <unop-dst>
                            <operand> {kind=VAR, scope=STATIC}
                                <type> {kind=INT, uid=4, name=int, sizeof=4, item_cnt=0, is_unsigned=N}: (null):-1:-1
                                <accessor> {kind=DEREF_ARRAY}
                                    <type> {kind=ARRAY, uid=27, name=(none), sizeof=8, item_cnt=1, is_unsigned=N}: A-instructions/40-load.c:3:13
                                        <type-item> {name=(anonymous)}
                                            <type> {kind=INT, uid=4, name=int, sizeof=4, item_cnt=0, is_unsigned=N}: (null):-1:-1
                                    <array-index>
                                        <operand> {kind=CST, scope=GLOBAL}
                                            <type> {kind=INT, uid=4, name=int, sizeof=4, item_cnt=0, is_unsigned=N}: (null):-1:-1
                                            <constant-int> [1]
                                <operand-var> {uid=11, name=j, artificial=N, initialized=N}: A-instructions/40-load.c:3:12
                        <unop-src>
                            <operand> {kind=CST, scope=GLOBAL}
                                <type> {kind=INT, uid=4, name=int, sizeof=4, item_cnt=0, is_unsigned=N}: (null):-1:-1
                                <constant-int> [1]
A-instructions/40-load.c:20:11: debug: instruction: sp >>>
        load.32     %r11 <- 0[%r10]
	debug: operand-pseudo: sp >>>
        %r11
	debug: operand-pseudo: cl <<<
        <operand> {kind=VAR, scope=BB}
            <type> {kind=INT, uid=4, name=int, sizeof=4, item_cnt=0, is_unsigned=N}: (null):-1:-1
            <operand-var> {uid=12, name=(none), artificial=Y, initialized=N}: A-instructions/40-load.c:20:11
	debug: operand-pseudo: sp >>> cached >>> cl
        %r10
        <operand> {kind=VAR, scope=STATIC}
            <type> {kind=PTR, uid=25, name=(none), sizeof=8, item_cnt=1, is_unsigned=N}: A-instructions/40-load.c:12:20
                <type-item> {name=(anonymous)}
                    <type> {kind=INT, uid=4, name=int, sizeof=4, item_cnt=0, is_unsigned=N}: (null):-1:-1
            <accessor> {kind=REF}
                <type> {kind=INT, uid=4, name=int, sizeof=4, item_cnt=0, is_unsigned=N}: (null):-1:-1
                <accessor> {kind=DEREF_ARRAY}
                    <type> {kind=ARRAY, uid=27, name=(none), sizeof=8, item_cnt=1, is_unsigned=N}: A-instructions/40-load.c:3:13
                        <type-item> {name=(anonymous)}
                            <type> {kind=INT, uid=4, name=int, sizeof=4, item_cnt=0, is_unsigned=N}: (null):-1:-1
                    <array-index>
                        <operand> {kind=VAR, scope=BB}
                            <type> {kind=INT, uid=10, name=long, sizeof=8, item_cnt=0, is_unsigned=N}: (null):-1:-1
                            <operand-var> {uid=7, name=(none), artificial=Y, initialized=N}: A-instructions/40-load.c:20:12
            (skipped for possible initialization infloop)
A-instructions/40-load.c:20:11: debug: instruction: cl <<<
        <instruction> [ASSIGN (UNOP)]: A-instructions/40-load.c:20:11
            <unop-dst>
                <operand> {kind=VAR, scope=BB}
                    <type> {kind=INT, uid=4, name=int, sizeof=4, item_cnt=0, is_unsigned=N}: (null):-1:-1
                    <operand-var> {uid=12, name=(none), artificial=Y, initialized=N}: A-instructions/40-load.c:20:11
            <unop-src>
                <operand> {kind=VAR, scope=STATIC}
                    <type> {kind=INT, uid=4, name=int, sizeof=4, item_cnt=0, is_unsigned=N}: (null):-1:-1
                    <accessor> {kind=DEREF_ARRAY}
                        <type> {kind=ARRAY, uid=27, name=(none), sizeof=8, item_cnt=1, is_unsigned=N}: A-instructions/40-load.c:3:13
                            <type-item> {name=(anonymous)}
                                <type> {kind=INT, uid=4, name=int, sizeof=4, item_cnt=0, is_unsigned=N}: (null):-1:-1
                        <array-index>
                            <operand> {kind=VAR, scope=BB}
                                <type> {kind=INT, uid=10, name=long, sizeof=8, item_cnt=0, is_unsigned=N}: (null):-1:-1
                                <operand-var> {uid=7, name=(none), artificial=Y, initialized=N}: A-instructions/40-load.c:20:12
                    <operand-var> {uid=10, name=j, artificial=N, initialized=N}: A-instructions/40-load.c:3:12
                        <initializer>
                            <instruction> [ASSIGN (UNOP)]: A-instructions/40-load.c:3:20
                                <unop-dst>
                                    <operand> {kind=VAR, scope=STATIC}
                                        <type> {kind=INT, uid=4, name=int, sizeof=4, item_cnt=0, is_unsigned=N}: (null):-1:-1
                                        <accessor> {kind=DEREF_ARRAY}
                                            <type> {kind=ARRAY, uid=27, name=(none), sizeof=8, item_cnt=1, is_unsigned=N}: A-instructions/40-load.c:3:13
                                                <type-item> {name=(anonymous)}
                                                    <type> {kind=INT, uid=4, name=int, sizeof=4, item_cnt=0, is_unsigned=N}: (null):-1:-1
                                            <array-index>
                                                <operand> {kind=CST, scope=GLOBAL}
                                                    <type> {kind=INT, uid=4, name=int, sizeof=4, item_cnt=0, is_unsigned=N}: (null):-1:-1
                                                    <constant-int> [0]
                                        <operand-var> {uid=11, name=j, artificial=N, initialized=N}: A-instructions/40-load.c:3:12
                                <unop-src>
                                    <operand> {kind=CST, scope=GLOBAL}
                                        <type> {kind=INT, uid=4, name=int, sizeof=4, item_cnt=0, is_unsigned=N}: (null):-1:-1
                                        <constant-int> [0]
                            <instruction> [ASSIGN (UNOP)]: A-instructions/40-load.c:3:23
                                <unop-dst>
                                    <operand> {kind=VAR, scope=STATIC}
                                        <type> {kind=INT, uid=4, name=int, sizeof=4, item_cnt=0, is_unsigned=N}: (null):-1:-1
                                        <accessor> {kind=DEREF_ARRAY}
                                            <type> {kind=ARRAY, uid=27, name=(none), sizeof=8, item_cnt=1, is_unsigned=N}: A-instructions/40-load.c:3:13
                                                <type-item> {name=(anonymous)}
                                                    <type> {kind=INT, uid=4, name=int, sizeof=4, item_cnt=0, is_unsigned=N}: (null):-1:-1
                                            <array-index>
                                                <operand> {kind=CST, scope=GLOBAL}
                                                    <type> {kind=INT, uid=4, name=int, sizeof=4, item_cnt=0, is_unsigned=N}: (null):-1:-1
                                                    <constant-int> [1]
                                        <operand-var> {uid=11, name=j, artificial=N, initialized=N}: A-instructions/40-load.c:3:12
                                <unop-src>
                                    <operand> {kind=CST, scope=GLOBAL}
                                        <type> {kind=INT, uid=4, name=int, sizeof=4, item_cnt=0, is_unsigned=N}: (null):-1:-1
                                        <constant-int> [1]
A-instructions/40-load.c:20:11: debug: instruction: sp >>>
        ret.32      %r11
	debug: operand-pseudo: sp >>> cached >>> cl
        %r11
        <operand> {kind=VAR, scope=BB}
            <type> {kind=INT, uid=4, name=int, sizeof=4, item_cnt=0, is_unsigned=N}: (null):-1:-1
            <operand-var> {uid=12, name=(none), artificial=Y, initialized=N}: A-instructions/40-load.c:20:11
A-instructions/40-load.c:20:11: debug: instruction: cl <<<
        <instruction> [RET]: A-instructions/40-load.c:20:11
            <ret-src>
                <operand> {kind=VAR, scope=BB}
                    <type> {kind=INT, uid=4, name=int, sizeof=4, item_cnt=0, is_unsigned=N}: (null):-1:-1
                    <operand-var> {uid=12, name=(none), artificial=Y, initialized=N}: A-instructions/40-load.c:20:11
A-instructions/40-load.c:19:1: debug: function: end load_from_reg
A-instructions/40-load.c:19:1: debug: file: end (last symbol)
